01-May-2025 12:40:15.087 INFO [main] org.apache.catalina.startup.VersionLoggerListener.log Server version name:   Apache Tomcat/11.0.5
01-May-2025 12:40:15.090 INFO [main] org.apache.catalina.startup.VersionLoggerListener.log Server built:          Feb 28 2025 15:54:41 UTC
01-May-2025 12:40:15.091 INFO [main] org.apache.catalina.startup.VersionLoggerListener.log Server version number: 11.0.5.0
01-May-2025 12:40:15.093 INFO [main] org.apache.catalina.startup.VersionLoggerListener.log OS Name:               Windows 10
01-May-2025 12:40:15.094 INFO [main] org.apache.catalina.startup.VersionLoggerListener.log OS Version:            10.0
01-May-2025 12:40:15.094 INFO [main] org.apache.catalina.startup.VersionLoggerListener.log Architecture:          amd64
01-May-2025 12:40:15.095 INFO [main] org.apache.catalina.startup.VersionLoggerListener.log Java Home:             C:\Program Files\Java\jdk-24
01-May-2025 12:40:15.095 INFO [main] org.apache.catalina.startup.VersionLoggerListener.log JVM Version:           24+36-3646
01-May-2025 12:40:15.097 INFO [main] org.apache.catalina.startup.VersionLoggerListener.log JVM Vendor:            Oracle Corporation
01-May-2025 12:40:15.098 INFO [main] org.apache.catalina.startup.VersionLoggerListener.log CATALINA_BASE:         C:\Users\ABC\Documents\GitHub\servlet_advjava\tomcat
01-May-2025 12:40:15.101 INFO [main] org.apache.catalina.startup.VersionLoggerListener.log CATALINA_HOME:         C:\Users\ABC\Documents\GitHub\servlet_advjava\tomcat
01-May-2025 12:40:15.106 INFO [main] org.apache.catalina.startup.VersionLoggerListener.log Command line argument: -Djava.util.logging.config.file=C:\Users\ABC\Documents\GitHub\servlet_advjava\tomcat\conf\logging.properties
01-May-2025 12:40:15.107 INFO [main] org.apache.catalina.startup.VersionLoggerListener.log Command line argument: -Djava.util.logging.manager=org.apache.juli.ClassLoaderLogManager
01-May-2025 12:40:15.109 INFO [main] org.apache.catalina.startup.VersionLoggerListener.log Command line argument: -Djdk.tls.ephemeralDHKeySize=2048
01-May-2025 12:40:15.110 INFO [main] org.apache.catalina.startup.VersionLoggerListener.log Command line argument: --add-opens=java.base/java.lang=ALL-UNNAMED
01-May-2025 12:40:15.110 INFO [main] org.apache.catalina.startup.VersionLoggerListener.log Command line argument: --add-opens=java.base/java.lang.reflect=ALL-UNNAMED
01-May-2025 12:40:15.111 INFO [main] org.apache.catalina.startup.VersionLoggerListener.log Command line argument: --add-opens=java.base/java.io=ALL-UNNAMED
01-May-2025 12:40:15.112 INFO [main] org.apache.catalina.startup.VersionLoggerListener.log Command line argument: --add-opens=java.base/java.util=ALL-UNNAMED
01-May-2025 12:40:15.113 INFO [main] org.apache.catalina.startup.VersionLoggerListener.log Command line argument: --add-opens=java.base/java.util.concurrent=ALL-UNNAMED
01-May-2025 12:40:15.113 INFO [main] org.apache.catalina.startup.VersionLoggerListener.log Command line argument: --add-opens=java.rmi/sun.rmi.transport=ALL-UNNAMED
01-May-2025 12:40:15.114 INFO [main] org.apache.catalina.startup.VersionLoggerListener.log Command line argument: --enable-native-access=ALL-UNNAMED
01-May-2025 12:40:15.114 INFO [main] org.apache.catalina.startup.VersionLoggerListener.log Command line argument: -Dcatalina.base=C:\Users\ABC\Documents\GitHub\servlet_advjava\tomcat
01-May-2025 12:40:15.115 INFO [main] org.apache.catalina.startup.VersionLoggerListener.log Command line argument: -Dcatalina.home=C:\Users\ABC\Documents\GitHub\servlet_advjava\tomcat
01-May-2025 12:40:15.116 INFO [main] org.apache.catalina.startup.VersionLoggerListener.log Command line argument: -Djava.io.tmpdir=C:\Users\ABC\Documents\GitHub\servlet_advjava\tomcat\temp
01-May-2025 12:40:15.134 INFO [main] org.apache.catalina.core.AprLifecycleListener.lifecycleEvent The Apache Tomcat Native library which allows using OpenSSL was not found on the java.library.path: [C:\Program Files\Java\jdk-24\bin;C:\Windows\Sun\Java\bin;C:\Windows\system32;C:\Windows;C:\Program Files (x86)\Common Files\Oracle\Java\java8path;C:\Program Files (x86)\Common Files\Oracle\Java\javapath;c:\Users\ABC\AppData\Local\Programs\cursor\resources\app\bin;C:\Windows\system32;C:\Windows;C:\Windows\System32\Wbem;C:\Windows\System32\WindowsPowerShell\v1.0\;C:\Windows\System32\OpenSSH\;C:\Program Files\CMake\bin;C:\Program Files\Git LFS;C:\Program Files\dotnet\;C:\ProgramData\chocolatey\bin;C:\Program Files\nodejs\;C:\msys64\mingw64\bin;C:\Program Files\Git\cmd;C:\Users\ABC\AppData\Local\Packages\PythonSoftwareFoundation.Python.3.13_qbz5n2kfra8p0\LocalCache\local-packages\Python313\site-packages\graphviz\backend\execute.py;C:\Users\ABC\Downloads\windows_10_cmake_Release_Graphviz-12.2.1-win64\Graphviz-12.2.1-win64\bin;C:\Program Files\Java\jdk-24\bin;C:\Program Files\apache-maven-3.9.9\bin;C:\Users\ABC\.local\bin;C:\Windows\system32;C:\Windows;C:\Windows\System32\Wbem;C:\Windows\System32\WindowsPowerShell\v1.0\;C:\Windows\System32\OpenSSH\;C:\Program Files\CMake\bin;C:\Program Files\Git LFS;C:\Program Files\dotnet\;C:\Program Files\Git\cmd;C:\ProgramData\chocolatey\bin;C:\Program Files\nodejs\;C:\msys64\m;C:\Program Files\GitHub CLI\;C:\Users\ABC\.local\bin;C:\Windows\system32;C:\Windows;C:\Windows\System32\Wbem;C:\Windows\System32\WindowsPowerShell\v1.0\;C:\Windows\System32\OpenSSH\;C:\Program Files\CMake\bin;C:\Program Files\Git LFS;C:\Program Files\dotnet\;C:\Program Files\Git\cmd;C:\ProgramData\chocolatey\bin;C:\Program Files\nodejs\;C:\msys64\mingw64\bin;C:\Users\ABC\AppData\Local\Microsoft\WindowsApps;C:\Users\ABC\AppData\Local\Programs\Microsoft VS Code\bin;C:\msys64\ucrt64\bin;C:\Users\ABC\AppData\Roaming\npm;C:\Users\ABC\AppData\Local\GitHubDesktop\bin;C:\Python34\Scripts\pip;C:\Users\ABC\AppData\Local\Programs\mongosh\;C:\Users\ABC\AppData\Local\Microsoft\WinGet\Links;C:\Users\ABC\.lmstudio\bin;C:\Program Files\Java\jdk-24\bin;C:\Users\ABC\AppData\Local\Programs\cursor\resources\app\bin;.]
01-May-2025 12:40:15.620 INFO [main] org.apache.coyote.AbstractProtocol.init Initializing ProtocolHandler ["http-nio-7070"]
01-May-2025 12:40:15.661 INFO [main] org.apache.catalina.startup.Catalina.load Server initialization in [821] milliseconds
01-May-2025 12:40:15.747 INFO [main] org.apache.catalina.core.StandardService.startInternal Starting service [Catalina]
01-May-2025 12:40:15.748 INFO [main] org.apache.catalina.core.StandardEngine.startInternal Starting Servlet engine: [Apache Tomcat/11.0.5]
01-May-2025 12:40:15.762 INFO [main] org.apache.catalina.startup.HostConfig.deployDirectory Deploying web application directory [C:\Users\ABC\Documents\GitHub\servlet_advjava\tomcat\webapps\docs]
01-May-2025 12:40:16.197 INFO [main] org.apache.catalina.startup.HostConfig.deployDirectory Deployment of web application directory [C:\Users\ABC\Documents\GitHub\servlet_advjava\tomcat\webapps\docs] has finished in [433] ms
01-May-2025 12:40:16.198 INFO [main] org.apache.catalina.startup.HostConfig.deployDirectory Deploying web application directory [C:\Users\ABC\Documents\GitHub\servlet_advjava\tomcat\webapps\event-registration]
01-May-2025 12:40:17.231 INFO [main] org.apache.jasper.servlet.TldScanner.scanJars At least one JAR was scanned for TLDs yet contained no TLDs. Enable debug logging for this logger for a complete list of JARs that were scanned but no TLDs were found in them. Skipping unneeded JARs during scanning can improve startup time and JSP compilation time.
01-May-2025 12:40:17.279 INFO [main] org.apache.catalina.startup.HostConfig.deployDirectory Deployment of web application directory [C:\Users\ABC\Documents\GitHub\servlet_advjava\tomcat\webapps\event-registration] has finished in [1,082] ms
01-May-2025 12:40:17.280 INFO [main] org.apache.catalina.startup.HostConfig.deployDirectory Deploying web application directory [C:\Users\ABC\Documents\GitHub\servlet_advjava\tomcat\webapps\examples]
01-May-2025 12:40:17.732 INFO [main] org.apache.catalina.startup.HostConfig.deployDirectory Deployment of web application directory [C:\Users\ABC\Documents\GitHub\servlet_advjava\tomcat\webapps\examples] has finished in [451] ms
01-May-2025 12:40:17.732 INFO [main] org.apache.catalina.startup.HostConfig.deployDirectory Deploying web application directory [C:\Users\ABC\Documents\GitHub\servlet_advjava\tomcat\webapps\host-manager]
01-May-2025 12:40:17.791 INFO [main] org.apache.catalina.startup.HostConfig.deployDirectory Deployment of web application directory [C:\Users\ABC\Documents\GitHub\servlet_advjava\tomcat\webapps\host-manager] has finished in [59] ms
01-May-2025 12:40:17.792 INFO [main] org.apache.catalina.startup.HostConfig.deployDirectory Deploying web application directory [C:\Users\ABC\Documents\GitHub\servlet_advjava\tomcat\webapps\manager]
01-May-2025 12:40:17.847 INFO [main] org.apache.catalina.startup.HostConfig.deployDirectory Deployment of web application directory [C:\Users\ABC\Documents\GitHub\servlet_advjava\tomcat\webapps\manager] has finished in [55] ms
01-May-2025 12:40:17.848 INFO [main] org.apache.catalina.startup.HostConfig.deployDirectory Deploying web application directory [C:\Users\ABC\Documents\GitHub\servlet_advjava\tomcat\webapps\ROOT]
01-May-2025 12:40:17.880 INFO [main] org.apache.catalina.startup.HostConfig.deployDirectory Deployment of web application directory [C:\Users\ABC\Documents\GitHub\servlet_advjava\tomcat\webapps\ROOT] has finished in [33] ms
01-May-2025 12:40:17.887 INFO [main] org.apache.coyote.AbstractProtocol.start Starting ProtocolHandler ["http-nio-7070"]
01-May-2025 12:40:17.917 INFO [main] org.apache.catalina.startup.Catalina.start Server startup in [2251] milliseconds
