09-Apr-2025 00:24:44.112 INFO [main] org.apache.catalina.startup.VersionLoggerListener.log Server version name:   Apache Tomcat/11.0.5
09-Apr-2025 00:24:44.115 INFO [main] org.apache.catalina.startup.VersionLoggerListener.log Server built:          Feb 28 2025 15:54:41 UTC
09-Apr-2025 00:24:44.116 INFO [main] org.apache.catalina.startup.VersionLoggerListener.log Server version number: 11.0.5.0
09-Apr-2025 00:24:44.116 INFO [main] org.apache.catalina.startup.VersionLoggerListener.log OS Name:               Windows 10
09-Apr-2025 00:24:44.118 INFO [main] org.apache.catalina.startup.VersionLoggerListener.log OS Version:            10.0
09-Apr-2025 00:24:44.118 INFO [main] org.apache.catalina.startup.VersionLoggerListener.log Architecture:          amd64
09-Apr-2025 00:24:44.118 INFO [main] org.apache.catalina.startup.VersionLoggerListener.log Java Home:             C:\Program Files\Java\jdk-24
09-Apr-2025 00:24:44.118 INFO [main] org.apache.catalina.startup.VersionLoggerListener.log JVM Version:           24+36-3646
09-Apr-2025 00:24:44.119 INFO [main] org.apache.catalina.startup.VersionLoggerListener.log JVM Vendor:            Oracle Corporation
09-Apr-2025 00:24:44.119 INFO [main] org.apache.catalina.startup.VersionLoggerListener.log CATALINA_BASE:         C:\Users\ABC\Documents\GitHub\servlet_advjava\tomcat
09-Apr-2025 00:24:44.120 INFO [main] org.apache.catalina.startup.VersionLoggerListener.log CATALINA_HOME:         C:\Users\ABC\Documents\GitHub\servlet_advjava\tomcat
09-Apr-2025 00:24:44.135 INFO [main] org.apache.catalina.startup.VersionLoggerListener.log Command line argument: -Djava.util.logging.config.file=C:\Users\ABC\Documents\GitHub\servlet_advjava\tomcat\conf\logging.properties
09-Apr-2025 00:24:44.136 INFO [main] org.apache.catalina.startup.VersionLoggerListener.log Command line argument: -Djava.util.logging.manager=org.apache.juli.ClassLoaderLogManager
09-Apr-2025 00:24:44.136 INFO [main] org.apache.catalina.startup.VersionLoggerListener.log Command line argument: -Djdk.tls.ephemeralDHKeySize=2048
09-Apr-2025 00:24:44.136 INFO [main] org.apache.catalina.startup.VersionLoggerListener.log Command line argument: --add-opens=java.base/java.lang=ALL-UNNAMED
09-Apr-2025 00:24:44.136 INFO [main] org.apache.catalina.startup.VersionLoggerListener.log Command line argument: --add-opens=java.base/java.lang.reflect=ALL-UNNAMED
09-Apr-2025 00:24:44.141 INFO [main] org.apache.catalina.startup.VersionLoggerListener.log Command line argument: --add-opens=java.base/java.io=ALL-UNNAMED
09-Apr-2025 00:24:44.142 INFO [main] org.apache.catalina.startup.VersionLoggerListener.log Command line argument: --add-opens=java.base/java.util=ALL-UNNAMED
09-Apr-2025 00:24:44.143 INFO [main] org.apache.catalina.startup.VersionLoggerListener.log Command line argument: --add-opens=java.base/java.util.concurrent=ALL-UNNAMED
09-Apr-2025 00:24:44.143 INFO [main] org.apache.catalina.startup.VersionLoggerListener.log Command line argument: --add-opens=java.rmi/sun.rmi.transport=ALL-UNNAMED
09-Apr-2025 00:24:44.144 INFO [main] org.apache.catalina.startup.VersionLoggerListener.log Command line argument: --enable-native-access=ALL-UNNAMED
09-Apr-2025 00:24:44.144 INFO [main] org.apache.catalina.startup.VersionLoggerListener.log Command line argument: -Dcatalina.base=C:\Users\ABC\Documents\GitHub\servlet_advjava\tomcat
09-Apr-2025 00:24:44.145 INFO [main] org.apache.catalina.startup.VersionLoggerListener.log Command line argument: -Dcatalina.home=C:\Users\ABC\Documents\GitHub\servlet_advjava\tomcat
09-Apr-2025 00:24:44.145 INFO [main] org.apache.catalina.startup.VersionLoggerListener.log Command line argument: -Djava.io.tmpdir=C:\Users\ABC\Documents\GitHub\servlet_advjava\tomcat\temp
09-Apr-2025 00:24:44.165 INFO [main] org.apache.catalina.core.AprLifecycleListener.lifecycleEvent The Apache Tomcat Native library which allows using OpenSSL was not found on the java.library.path: [C:\Program Files\Java\jdk-24\bin;C:\Windows\Sun\Java\bin;C:\Windows\system32;C:\Windows;C:\Windows\system32;C:\Windows;C:\Windows\System32\Wbem;C:\Windows\System32\WindowsPowerShell\v1.0\;C:\Windows\System32\OpenSSH\;C:\Program Files\CMake\bin;C:\Program Files\Git LFS;C:\Program Files\dotnet\;C:\ProgramData\chocolatey\bin;C:\Program Files\nodejs\;C:\msys64\mingw64\bin;C:\Program Files\Git\cmd;C:\Users\ABC\AppData\Local\Packages\PythonSoftwareFoundation.Python.3.13_qbz5n2kfra8p0\LocalCache\local-packages\Python313\site-packages\graphviz\backend\execute.py;C:\Users\ABC\Downloads\windows_10_cmake_Release_Graphviz-12.2.1-win64\Graphviz-12.2.1-win64\bin;C:\Program Files\Java\jdk-24\bin;C:\Program Files\apache-maven-3.9.9\bin;C:\Users\ABC\.local\bin;C:\Windows\system32;C:\Windows;C:\Windows\System32\Wbem;C:\Windows\System32\WindowsPowerShell\v1.0\;C:\Windows\System32\OpenSSH\;C:\Program Files\CMake\bin;C:\Program Files\Git LFS;C:\Program Files\dotnet\;C:\Program Files\Git\cmd;C:\ProgramData\chocolatey\bin;C:\Program Files\nodejs\;C:\msys64\mingw64\bin;C:\Users\ABC\AppData\Local\Microsoft\WindowsApps;C:\Users\ABC\AppData\Local\Programs\Microsoft VS Code\bin;C:\msys64\ucrt64\bin;C:\Users\ABC\AppData\Roaming\npm;C:\Users\ABC\AppData\Local\GitHubDesktop\bin;C:\Python34\Scripts\pip;C:\Users\ABC\AppData\Local\Programs\mongosh\;C:\Users\ABC\AppData\Local\Microsoft\WinGet\Links;C:\Users\ABC\.lmstudio\bin;C:\Program Files\Java\jdk-24\bin;C:\Users\ABC\AppData\Local\Programs\cursor\resources\app\bin;;.]
09-Apr-2025 00:24:44.712 INFO [main] org.apache.coyote.AbstractProtocol.init Initializing ProtocolHandler ["http-nio-7070"]
09-Apr-2025 00:24:44.747 INFO [main] org.apache.catalina.startup.Catalina.load Server initialization in [952] milliseconds
09-Apr-2025 00:24:44.899 INFO [main] org.apache.catalina.core.StandardService.startInternal Starting service [Catalina]
09-Apr-2025 00:24:44.900 INFO [main] org.apache.catalina.core.StandardEngine.startInternal Starting Servlet engine: [Apache Tomcat/11.0.5]
09-Apr-2025 00:24:44.931 INFO [main] org.apache.catalina.startup.HostConfig.deployWAR Deploying web application archive [C:\Users\ABC\Documents\GitHub\servlet_advjava\tomcat\webapps\event-registration-system-1.0-SNAPSHOT.war]
09-Apr-2025 00:24:46.492 INFO [main] org.apache.jasper.servlet.TldScanner.scanJars At least one JAR was scanned for TLDs yet contained no TLDs. Enable debug logging for this logger for a complete list of JARs that were scanned but no TLDs were found in them. Skipping unneeded JARs during scanning can improve startup time and JSP compilation time.
09-Apr-2025 00:24:46.687 INFO [main] org.apache.catalina.startup.HostConfig.deployWAR Deployment of web application archive [C:\Users\ABC\Documents\GitHub\servlet_advjava\tomcat\webapps\event-registration-system-1.0-SNAPSHOT.war] has finished in [1,753] ms
09-Apr-2025 00:24:46.689 INFO [main] org.apache.catalina.startup.HostConfig.deployDirectory Deploying web application directory [C:\Users\ABC\Documents\GitHub\servlet_advjava\tomcat\webapps\docs]
09-Apr-2025 00:24:46.741 INFO [main] org.apache.catalina.startup.HostConfig.deployDirectory Deployment of web application directory [C:\Users\ABC\Documents\GitHub\servlet_advjava\tomcat\webapps\docs] has finished in [53] ms
09-Apr-2025 00:24:46.742 INFO [main] org.apache.catalina.startup.HostConfig.deployDirectory Deploying web application directory [C:\Users\ABC\Documents\GitHub\servlet_advjava\tomcat\webapps\examples]
09-Apr-2025 00:24:47.257 INFO [main] org.apache.catalina.startup.HostConfig.deployDirectory Deployment of web application directory [C:\Users\ABC\Documents\GitHub\servlet_advjava\tomcat\webapps\examples] has finished in [515] ms
09-Apr-2025 00:24:47.258 INFO [main] org.apache.catalina.startup.HostConfig.deployDirectory Deploying web application directory [C:\Users\ABC\Documents\GitHub\servlet_advjava\tomcat\webapps\host-manager]
09-Apr-2025 00:24:47.349 INFO [main] org.apache.catalina.startup.HostConfig.deployDirectory Deployment of web application directory [C:\Users\ABC\Documents\GitHub\servlet_advjava\tomcat\webapps\host-manager] has finished in [91] ms
09-Apr-2025 00:24:47.350 INFO [main] org.apache.catalina.startup.HostConfig.deployDirectory Deploying web application directory [C:\Users\ABC\Documents\GitHub\servlet_advjava\tomcat\webapps\manager]
09-Apr-2025 00:24:47.407 INFO [main] org.apache.catalina.startup.HostConfig.deployDirectory Deployment of web application directory [C:\Users\ABC\Documents\GitHub\servlet_advjava\tomcat\webapps\manager] has finished in [57] ms
09-Apr-2025 00:24:47.407 INFO [main] org.apache.catalina.startup.HostConfig.deployDirectory Deploying web application directory [C:\Users\ABC\Documents\GitHub\servlet_advjava\tomcat\webapps\ROOT]
09-Apr-2025 00:24:47.479 INFO [main] org.apache.catalina.startup.HostConfig.deployDirectory Deployment of web application directory [C:\Users\ABC\Documents\GitHub\servlet_advjava\tomcat\webapps\ROOT] has finished in [72] ms
09-Apr-2025 00:24:47.487 INFO [main] org.apache.coyote.AbstractProtocol.start Starting ProtocolHandler ["http-nio-7070"]
09-Apr-2025 00:24:47.546 INFO [main] org.apache.catalina.startup.Catalina.start Server startup in [2796] milliseconds
09-Apr-2025 00:37:51.388 INFO [Catalina-utility-1] org.apache.catalina.startup.HostConfig.undeploy Undeploying context [/event-registration-system-1.0-SNAPSHOT]
09-Apr-2025 00:37:51.410 INFO [Catalina-utility-1] org.apache.catalina.startup.HostConfig.deployWAR Deploying web application archive [C:\Users\ABC\Documents\GitHub\servlet_advjava\tomcat\webapps\event-registration-system-1.0-SNAPSHOT.war]
09-Apr-2025 00:37:52.145 INFO [Catalina-utility-1] org.apache.jasper.servlet.TldScanner.scanJars At least one JAR was scanned for TLDs yet contained no TLDs. Enable debug logging for this logger for a complete list of JARs that were scanned but no TLDs were found in them. Skipping unneeded JARs during scanning can improve startup time and JSP compilation time.
09-Apr-2025 00:37:52.179 INFO [Catalina-utility-1] org.apache.catalina.startup.HostConfig.deployWAR Deployment of web application archive [C:\Users\ABC\Documents\GitHub\servlet_advjava\tomcat\webapps\event-registration-system-1.0-SNAPSHOT.war] has finished in [768] ms
09-Apr-2025 00:42:52.802 INFO [Catalina-utility-1] org.apache.catalina.startup.HostConfig.undeploy Undeploying context [/event-registration-system-1.0-SNAPSHOT]
09-Apr-2025 00:43:23.002 INFO [Catalina-utility-2] org.apache.catalina.startup.HostConfig.deployDirectory Deploying web application directory [C:\Users\ABC\Documents\GitHub\servlet_advjava\tomcat\webapps\event-registration-system-1.0-SNAPSHOT]
09-Apr-2025 00:43:23.662 INFO [Catalina-utility-2] org.apache.jasper.servlet.TldScanner.scanJars At least one JAR was scanned for TLDs yet contained no TLDs. Enable debug logging for this logger for a complete list of JARs that were scanned but no TLDs were found in them. Skipping unneeded JARs during scanning can improve startup time and JSP compilation time.
09-Apr-2025 00:43:23.931 INFO [Catalina-utility-2] org.apache.catalina.startup.HostConfig.deployDirectory Deployment of web application directory [C:\Users\ABC\Documents\GitHub\servlet_advjava\tomcat\webapps\event-registration-system-1.0-SNAPSHOT] has finished in [929] ms
09-Apr-2025 00:51:01.970 INFO [Catalina-utility-2] org.apache.catalina.startup.HostConfig.undeploy Undeploying context [/event-registration-system-1.0-SNAPSHOT]
09-Apr-2025 00:51:01.973 WARNING [Catalina-utility-2] org.apache.catalina.loader.WebappClassLoaderBase.clearReferencesJdbc The web application [event-registration-system-1.0-SNAPSHOT] registered the JDBC driver [org.postgresql.Driver] but failed to unregister it when the web application was stopped. To prevent a memory leak, the JDBC Driver has been forcibly unregistered.
09-Apr-2025 00:51:12.001 INFO [Catalina-utility-1] org.apache.catalina.startup.HostConfig.deployDirectory Deploying web application directory [C:\Users\ABC\Documents\GitHub\servlet_advjava\tomcat\webapps\event-registration-system-1.0-SNAPSHOT]
09-Apr-2025 00:51:14.179 INFO [Catalina-utility-1] org.apache.jasper.servlet.TldScanner.scanJars At least one JAR was scanned for TLDs yet contained no TLDs. Enable debug logging for this logger for a complete list of JARs that were scanned but no TLDs were found in them. Skipping unneeded JARs during scanning can improve startup time and JSP compilation time.
09-Apr-2025 00:51:14.534 INFO [Catalina-utility-1] org.apache.catalina.startup.HostConfig.deployDirectory Deployment of web application directory [C:\Users\ABC\Documents\GitHub\servlet_advjava\tomcat\webapps\event-registration-system-1.0-SNAPSHOT] has finished in [2,534] ms
09-Apr-2025 00:56:55.316 INFO [Catalina-utility-1] org.apache.catalina.startup.HostConfig.undeploy Undeploying context [/event-registration-system-1.0-SNAPSHOT]
09-Apr-2025 00:56:55.322 WARNING [Catalina-utility-1] org.apache.catalina.loader.WebappClassLoaderBase.clearReferencesJdbc The web application [event-registration-system-1.0-SNAPSHOT] registered the JDBC driver [org.postgresql.Driver] but failed to unregister it when the web application was stopped. To prevent a memory leak, the JDBC Driver has been forcibly unregistered.
09-Apr-2025 01:05:27.522 INFO [Catalina-utility-1] org.apache.catalina.startup.HostConfig.deployDirectory Deploying web application directory [C:\Users\ABC\Documents\GitHub\servlet_advjava\tomcat\webapps\event-registration]
09-Apr-2025 01:05:28.843 INFO [Catalina-utility-1] org.apache.jasper.servlet.TldScanner.scanJars At least one JAR was scanned for TLDs yet contained no TLDs. Enable debug logging for this logger for a complete list of JARs that were scanned but no TLDs were found in them. Skipping unneeded JARs during scanning can improve startup time and JSP compilation time.
09-Apr-2025 01:05:28.897 INFO [Catalina-utility-1] org.apache.catalina.startup.HostConfig.deployDirectory Deployment of web application directory [C:\Users\ABC\Documents\GitHub\servlet_advjava\tomcat\webapps\event-registration] has finished in [1,375] ms
