09-Apr-2025 00:24:47.236 INFO [main] org.apache.catalina.core.ApplicationContext.log ContextListener: contextInitialized()
09-Apr-2025 00:24:47.237 INFO [main] org.apache.catalina.core.ApplicationContext.log SessionListener: contextInitialized()
09-Apr-2025 00:24:47.240 INFO [main] org.apache.catalina.core.ApplicationContext.log ContextListener: attributeAdded('StockTicker', 'async.Stockticker@1a5f7e7c')
09-Apr-2025 00:25:12.767 SEVERE [http-nio-7070-exec-4] org.apache.catalina.core.StandardWrapperValve.invoke Servlet.service() for servlet [jsp] in context with path [/event-registration-system-1.0-SNAPSHOT] threw exception [java.lang.NoClassDefFoundError: javax/servlet/jsp/tagext/TagLibraryValidator] with root cause
	java.lang.ClassNotFoundException: javax.servlet.jsp.tagext.TagLibraryValidator
		at org.apache.catalina.loader.WebappClassLoaderBase.loadClass(WebappClassLoaderBase.java:1226)
		at org.apache.catalina.loader.WebappClassLoaderBase.loadClass(WebappClassLoaderBase.java:1057)
		at java.base/java.lang.ClassLoader.defineClass1(Native Method)
		at java.base/java.lang.ClassLoader.defineClass(ClassLoader.java:962)
		at java.base/java.security.SecureClassLoader.defineClass(SecureClassLoader.java:132)
		at org.apache.catalina.loader.WebappClassLoaderBase.findClassInternal(WebappClassLoaderBase.java:2165)
		at org.apache.catalina.loader.WebappClassLoaderBase.findClass(WebappClassLoaderBase.java:695)
		at org.apache.catalina.loader.WebappClassLoaderBase.loadClass(WebappClassLoaderBase.java:1187)
		at org.apache.catalina.loader.WebappClassLoaderBase.loadClass(WebappClassLoaderBase.java:1057)
		at java.base/java.lang.ClassLoader.defineClass1(Native Method)
		at java.base/java.lang.ClassLoader.defineClass(ClassLoader.java:962)
		at java.base/java.security.SecureClassLoader.defineClass(SecureClassLoader.java:132)
		at org.apache.catalina.loader.WebappClassLoaderBase.findClassInternal(WebappClassLoaderBase.java:2165)
		at org.apache.catalina.loader.WebappClassLoaderBase.findClass(WebappClassLoaderBase.java:695)
		at org.apache.catalina.loader.WebappClassLoaderBase.loadClass(WebappClassLoaderBase.java:1187)
		at org.apache.catalina.loader.WebappClassLoaderBase.loadClass(WebappClassLoaderBase.java:1057)
		at org.apache.jasper.compiler.TagLibraryInfoImpl.createValidator(TagLibraryInfoImpl.java:352)
		at org.apache.jasper.compiler.TagLibraryInfoImpl.<init>(TagLibraryInfoImpl.java:192)
		at org.apache.jasper.compiler.Parser.parseTaglibDirective(Parser.java:412)
		at org.apache.jasper.compiler.Parser.parseDirective(Parser.java:465)
		at org.apache.jasper.compiler.Parser.parseElements(Parser.java:1294)
		at org.apache.jasper.compiler.Parser.parse(Parser.java:130)
		at org.apache.jasper.compiler.ParserController.doParse(ParserController.java:243)
		at org.apache.jasper.compiler.ParserController.parse(ParserController.java:106)
		at org.apache.jasper.compiler.Compiler.generateJava(Compiler.java:194)
		at org.apache.jasper.compiler.Compiler.compile(Compiler.java:367)
		at org.apache.jasper.compiler.Compiler.compile(Compiler.java:345)
		at org.apache.jasper.compiler.Compiler.compile(Compiler.java:331)
		at org.apache.jasper.JspCompilationContext.compile(JspCompilationContext.java:602)
		at org.apache.jasper.servlet.JspServletWrapper.service(JspServletWrapper.java:396)
		at org.apache.jasper.servlet.JspServlet.serviceJspFile(JspServlet.java:354)
		at org.apache.jasper.servlet.JspServlet.service(JspServlet.java:302)
		at jakarta.servlet.http.HttpServlet.service(HttpServlet.java:716)
		at org.apache.catalina.core.ApplicationFilterChain.doFilter(ApplicationFilterChain.java:130)
		at org.apache.tomcat.websocket.server.WsFilter.doFilter(WsFilter.java:51)
		at org.apache.catalina.core.ApplicationFilterChain.doFilter(ApplicationFilterChain.java:109)
		at org.apache.catalina.core.StandardWrapperValve.invoke(StandardWrapperValve.java:167)
		at org.apache.catalina.core.StandardContextValve.invoke(StandardContextValve.java:79)
		at org.apache.catalina.authenticator.AuthenticatorBase.invoke(AuthenticatorBase.java:483)
		at org.apache.catalina.core.StandardHostValve.invoke(StandardHostValve.java:115)
		at org.apache.catalina.valves.ErrorReportValve.invoke(ErrorReportValve.java:93)
		at org.apache.catalina.valves.AbstractAccessLogValve.invoke(AbstractAccessLogValve.java:670)
		at org.apache.catalina.core.StandardEngineValve.invoke(StandardEngineValve.java:74)
		at org.apache.catalina.connector.CoyoteAdapter.service(CoyoteAdapter.java:342)
		at org.apache.coyote.http11.Http11Processor.service(Http11Processor.java:395)
		at org.apache.coyote.AbstractProcessorLight.process(AbstractProcessorLight.java:63)
		at org.apache.coyote.AbstractProtocol$ConnectionHandler.process(AbstractProtocol.java:905)
		at org.apache.tomcat.util.net.NioEndpoint$SocketProcessor.doRun(NioEndpoint.java:1748)
		at org.apache.tomcat.util.net.SocketProcessorBase.run(SocketProcessorBase.java:52)
		at org.apache.tomcat.util.threads.ThreadPoolExecutor.runWorker(ThreadPoolExecutor.java:1148)
		at org.apache.tomcat.util.threads.ThreadPoolExecutor$Worker.run(ThreadPoolExecutor.java:636)
		at org.apache.tomcat.util.threads.TaskThread$WrappingRunnable.run(TaskThread.java:63)
		at java.base/java.lang.Thread.run(Thread.java:1447)
09-Apr-2025 00:25:14.087 SEVERE [http-nio-7070-exec-4] org.apache.catalina.core.ApplicationDispatcher.invoke Servlet.service() for servlet [jsp] threw exception
	java.lang.ClassNotFoundException: javax.servlet.jsp.tagext.TagLibraryValidator
		at org.apache.catalina.loader.WebappClassLoaderBase.loadClass(WebappClassLoaderBase.java:1226)
		at org.apache.catalina.loader.WebappClassLoaderBase.loadClass(WebappClassLoaderBase.java:1057)
		at java.base/java.lang.ClassLoader.defineClass1(Native Method)
		at java.base/java.lang.ClassLoader.defineClass(ClassLoader.java:962)
		at java.base/java.security.SecureClassLoader.defineClass(SecureClassLoader.java:132)
		at org.apache.catalina.loader.WebappClassLoaderBase.findClassInternal(WebappClassLoaderBase.java:2165)
		at org.apache.catalina.loader.WebappClassLoaderBase.findClass(WebappClassLoaderBase.java:695)
		at org.apache.catalina.loader.WebappClassLoaderBase.loadClass(WebappClassLoaderBase.java:1187)
		at org.apache.catalina.loader.WebappClassLoaderBase.loadClass(WebappClassLoaderBase.java:1057)
		at java.base/java.lang.ClassLoader.defineClass1(Native Method)
		at java.base/java.lang.ClassLoader.defineClass(ClassLoader.java:962)
		at java.base/java.security.SecureClassLoader.defineClass(SecureClassLoader.java:132)
		at org.apache.catalina.loader.WebappClassLoaderBase.findClassInternal(WebappClassLoaderBase.java:2165)
		at org.apache.catalina.loader.WebappClassLoaderBase.findClass(WebappClassLoaderBase.java:695)
		at org.apache.catalina.loader.WebappClassLoaderBase.loadClass(WebappClassLoaderBase.java:1187)
		at org.apache.catalina.loader.WebappClassLoaderBase.loadClass(WebappClassLoaderBase.java:1057)
		at org.apache.jasper.compiler.TagLibraryInfoImpl.createValidator(TagLibraryInfoImpl.java:352)
		at org.apache.jasper.compiler.TagLibraryInfoImpl.<init>(TagLibraryInfoImpl.java:192)
		at org.apache.jasper.compiler.Parser.parseTaglibDirective(Parser.java:412)
		at org.apache.jasper.compiler.Parser.parseDirective(Parser.java:465)
		at org.apache.jasper.compiler.Parser.parseElements(Parser.java:1294)
		at org.apache.jasper.compiler.Parser.parse(Parser.java:130)
		at org.apache.jasper.compiler.ParserController.doParse(ParserController.java:243)
		at org.apache.jasper.compiler.ParserController.parse(ParserController.java:106)
		at org.apache.jasper.compiler.Compiler.generateJava(Compiler.java:194)
		at org.apache.jasper.compiler.Compiler.compile(Compiler.java:367)
		at org.apache.jasper.compiler.Compiler.compile(Compiler.java:345)
		at org.apache.jasper.compiler.Compiler.compile(Compiler.java:331)
		at org.apache.jasper.JspCompilationContext.compile(JspCompilationContext.java:602)
		at org.apache.jasper.servlet.JspServletWrapper.service(JspServletWrapper.java:396)
		at org.apache.jasper.servlet.JspServlet.serviceJspFile(JspServlet.java:354)
		at org.apache.jasper.servlet.JspServlet.service(JspServlet.java:302)
		at jakarta.servlet.http.HttpServlet.service(HttpServlet.java:716)
		at org.apache.catalina.core.ApplicationFilterChain.doFilter(ApplicationFilterChain.java:130)
		at org.apache.catalina.core.ApplicationDispatcher.invoke(ApplicationDispatcher.java:539)
		at org.apache.catalina.core.ApplicationDispatcher.include(ApplicationDispatcher.java:436)
		at org.apache.jasper.runtime.JspRuntimeLibrary.include(JspRuntimeLibrary.java:994)
		at org.apache.jsp.error_jsp._jspService(error_jsp.java:125)
		at org.apache.jasper.runtime.HttpJspBase.service(HttpJspBase.java:67)
		at jakarta.servlet.http.HttpServlet.service(HttpServlet.java:716)
		at org.apache.jasper.servlet.JspServletWrapper.service(JspServletWrapper.java:456)
		at org.apache.jasper.servlet.JspServlet.serviceJspFile(JspServlet.java:354)
		at org.apache.jasper.servlet.JspServlet.service(JspServlet.java:302)
		at jakarta.servlet.http.HttpServlet.service(HttpServlet.java:716)
		at org.apache.catalina.core.ApplicationFilterChain.doFilter(ApplicationFilterChain.java:130)
		at org.apache.catalina.core.ApplicationDispatcher.invoke(ApplicationDispatcher.java:539)
		at org.apache.catalina.core.ApplicationDispatcher.processRequest(ApplicationDispatcher.java:355)
		at org.apache.catalina.core.ApplicationDispatcher.forward(ApplicationDispatcher.java:275)
		at org.apache.catalina.core.StandardHostValve.custom(StandardHostValve.java:381)
		at org.apache.catalina.core.StandardHostValve.status(StandardHostValve.java:208)
		at org.apache.catalina.core.StandardHostValve.throwable(StandardHostValve.java:284)
		at org.apache.catalina.core.StandardHostValve.invoke(StandardHostValve.java:149)
		at org.apache.catalina.valves.ErrorReportValve.invoke(ErrorReportValve.java:93)
		at org.apache.catalina.valves.AbstractAccessLogValve.invoke(AbstractAccessLogValve.java:670)
		at org.apache.catalina.core.StandardEngineValve.invoke(StandardEngineValve.java:74)
		at org.apache.catalina.connector.CoyoteAdapter.service(CoyoteAdapter.java:342)
		at org.apache.coyote.http11.Http11Processor.service(Http11Processor.java:395)
		at org.apache.coyote.AbstractProcessorLight.process(AbstractProcessorLight.java:63)
		at org.apache.coyote.AbstractProtocol$ConnectionHandler.process(AbstractProtocol.java:905)
		at org.apache.tomcat.util.net.NioEndpoint$SocketProcessor.doRun(NioEndpoint.java:1748)
		at org.apache.tomcat.util.net.SocketProcessorBase.run(SocketProcessorBase.java:52)
		at org.apache.tomcat.util.threads.ThreadPoolExecutor.runWorker(ThreadPoolExecutor.java:1148)
		at org.apache.tomcat.util.threads.ThreadPoolExecutor$Worker.run(ThreadPoolExecutor.java:636)
		at org.apache.tomcat.util.threads.TaskThread$WrappingRunnable.run(TaskThread.java:63)
		at java.base/java.lang.Thread.run(Thread.java:1447)
09-Apr-2025 00:25:14.093 SEVERE [http-nio-7070-exec-4] org.apache.catalina.core.ApplicationDispatcher.invoke Servlet.service() for servlet [jsp] threw exception
	java.lang.ClassNotFoundException: javax.servlet.jsp.tagext.TagLibraryValidator
		at org.apache.catalina.loader.WebappClassLoaderBase.loadClass(WebappClassLoaderBase.java:1226)
		at org.apache.catalina.loader.WebappClassLoaderBase.loadClass(WebappClassLoaderBase.java:1057)
		at java.base/java.lang.ClassLoader.defineClass1(Native Method)
		at java.base/java.lang.ClassLoader.defineClass(ClassLoader.java:962)
		at java.base/java.security.SecureClassLoader.defineClass(SecureClassLoader.java:132)
		at org.apache.catalina.loader.WebappClassLoaderBase.findClassInternal(WebappClassLoaderBase.java:2165)
		at org.apache.catalina.loader.WebappClassLoaderBase.findClass(WebappClassLoaderBase.java:695)
		at org.apache.catalina.loader.WebappClassLoaderBase.loadClass(WebappClassLoaderBase.java:1187)
		at org.apache.catalina.loader.WebappClassLoaderBase.loadClass(WebappClassLoaderBase.java:1057)
		at java.base/java.lang.ClassLoader.defineClass1(Native Method)
		at java.base/java.lang.ClassLoader.defineClass(ClassLoader.java:962)
		at java.base/java.security.SecureClassLoader.defineClass(SecureClassLoader.java:132)
		at org.apache.catalina.loader.WebappClassLoaderBase.findClassInternal(WebappClassLoaderBase.java:2165)
		at org.apache.catalina.loader.WebappClassLoaderBase.findClass(WebappClassLoaderBase.java:695)
		at org.apache.catalina.loader.WebappClassLoaderBase.loadClass(WebappClassLoaderBase.java:1187)
		at org.apache.catalina.loader.WebappClassLoaderBase.loadClass(WebappClassLoaderBase.java:1057)
		at org.apache.jasper.compiler.TagLibraryInfoImpl.createValidator(TagLibraryInfoImpl.java:352)
		at org.apache.jasper.compiler.TagLibraryInfoImpl.<init>(TagLibraryInfoImpl.java:192)
		at org.apache.jasper.compiler.Parser.parseTaglibDirective(Parser.java:412)
		at org.apache.jasper.compiler.Parser.parseDirective(Parser.java:465)
		at org.apache.jasper.compiler.Parser.parseElements(Parser.java:1294)
		at org.apache.jasper.compiler.Parser.parse(Parser.java:130)
		at org.apache.jasper.compiler.ParserController.doParse(ParserController.java:243)
		at org.apache.jasper.compiler.ParserController.parse(ParserController.java:106)
		at org.apache.jasper.compiler.Compiler.generateJava(Compiler.java:194)
		at org.apache.jasper.compiler.Compiler.compile(Compiler.java:367)
		at org.apache.jasper.compiler.Compiler.compile(Compiler.java:345)
		at org.apache.jasper.compiler.Compiler.compile(Compiler.java:331)
		at org.apache.jasper.JspCompilationContext.compile(JspCompilationContext.java:602)
		at org.apache.jasper.servlet.JspServletWrapper.service(JspServletWrapper.java:396)
		at org.apache.jasper.servlet.JspServlet.serviceJspFile(JspServlet.java:354)
		at org.apache.jasper.servlet.JspServlet.service(JspServlet.java:302)
		at jakarta.servlet.http.HttpServlet.service(HttpServlet.java:716)
		at org.apache.catalina.core.ApplicationFilterChain.doFilter(ApplicationFilterChain.java:130)
		at org.apache.catalina.core.ApplicationDispatcher.invoke(ApplicationDispatcher.java:539)
		at org.apache.catalina.core.ApplicationDispatcher.include(ApplicationDispatcher.java:436)
		at org.apache.jasper.runtime.JspRuntimeLibrary.include(JspRuntimeLibrary.java:994)
		at org.apache.jsp.error_jsp._jspService(error_jsp.java:125)
		at org.apache.jasper.runtime.HttpJspBase.service(HttpJspBase.java:67)
		at jakarta.servlet.http.HttpServlet.service(HttpServlet.java:716)
		at org.apache.jasper.servlet.JspServletWrapper.service(JspServletWrapper.java:456)
		at org.apache.jasper.servlet.JspServlet.serviceJspFile(JspServlet.java:354)
		at org.apache.jasper.servlet.JspServlet.service(JspServlet.java:302)
		at jakarta.servlet.http.HttpServlet.service(HttpServlet.java:716)
		at org.apache.catalina.core.ApplicationFilterChain.doFilter(ApplicationFilterChain.java:130)
		at org.apache.catalina.core.ApplicationDispatcher.invoke(ApplicationDispatcher.java:539)
		at org.apache.catalina.core.ApplicationDispatcher.processRequest(ApplicationDispatcher.java:355)
		at org.apache.catalina.core.ApplicationDispatcher.forward(ApplicationDispatcher.java:275)
		at org.apache.catalina.core.StandardHostValve.custom(StandardHostValve.java:381)
		at org.apache.catalina.core.StandardHostValve.status(StandardHostValve.java:208)
		at org.apache.catalina.core.StandardHostValve.throwable(StandardHostValve.java:284)
		at org.apache.catalina.core.StandardHostValve.invoke(StandardHostValve.java:149)
		at org.apache.catalina.valves.ErrorReportValve.invoke(ErrorReportValve.java:93)
		at org.apache.catalina.valves.AbstractAccessLogValve.invoke(AbstractAccessLogValve.java:670)
		at org.apache.catalina.core.StandardEngineValve.invoke(StandardEngineValve.java:74)
		at org.apache.catalina.connector.CoyoteAdapter.service(CoyoteAdapter.java:342)
		at org.apache.coyote.http11.Http11Processor.service(Http11Processor.java:395)
		at org.apache.coyote.AbstractProcessorLight.process(AbstractProcessorLight.java:63)
		at org.apache.coyote.AbstractProtocol$ConnectionHandler.process(AbstractProtocol.java:905)
		at org.apache.tomcat.util.net.NioEndpoint$SocketProcessor.doRun(NioEndpoint.java:1748)
		at org.apache.tomcat.util.net.SocketProcessorBase.run(SocketProcessorBase.java:52)
		at org.apache.tomcat.util.threads.ThreadPoolExecutor.runWorker(ThreadPoolExecutor.java:1148)
		at org.apache.tomcat.util.threads.ThreadPoolExecutor$Worker.run(ThreadPoolExecutor.java:636)
		at org.apache.tomcat.util.threads.TaskThread$WrappingRunnable.run(TaskThread.java:63)
		at java.base/java.lang.Thread.run(Thread.java:1447)
09-Apr-2025 00:25:14.093 SEVERE [http-nio-7070-exec-4] org.apache.catalina.core.StandardHostValve.custom Exception Processing [ErrorPage[errorCode=500, location=/error.jsp]]
	org.apache.jasper.JasperException: An exception occurred processing [/error.jsp] at line [11]

8:     <link rel="stylesheet" href="${pageContext.request.contextPath}/css/style.css">
9: </head>
10: <body>
11:     <jsp:include page="header.jsp" />
12:     
13:     <div class="container">
14:         <div class="error-container">


Stacktrace:
		at org.apache.jasper.servlet.JspServletWrapper.handleJspException(JspServletWrapper.java:599)
		at org.apache.jasper.servlet.JspServletWrapper.service(JspServletWrapper.java:478)
		at org.apache.jasper.servlet.JspServlet.serviceJspFile(JspServlet.java:354)
		at org.apache.jasper.servlet.JspServlet.service(JspServlet.java:302)
		at jakarta.servlet.http.HttpServlet.service(HttpServlet.java:716)
		at org.apache.catalina.core.ApplicationFilterChain.doFilter(ApplicationFilterChain.java:130)
		at org.apache.catalina.core.ApplicationDispatcher.invoke(ApplicationDispatcher.java:539)
		at org.apache.catalina.core.ApplicationDispatcher.processRequest(ApplicationDispatcher.java:355)
		at org.apache.catalina.core.ApplicationDispatcher.forward(ApplicationDispatcher.java:275)
		at org.apache.catalina.core.StandardHostValve.custom(StandardHostValve.java:381)
		at org.apache.catalina.core.StandardHostValve.status(StandardHostValve.java:208)
		at org.apache.catalina.core.StandardHostValve.throwable(StandardHostValve.java:284)
		at org.apache.catalina.core.StandardHostValve.invoke(StandardHostValve.java:149)
		at org.apache.catalina.valves.ErrorReportValve.invoke(ErrorReportValve.java:93)
		at org.apache.catalina.valves.AbstractAccessLogValve.invoke(AbstractAccessLogValve.java:670)
		at org.apache.catalina.core.StandardEngineValve.invoke(StandardEngineValve.java:74)
		at org.apache.catalina.connector.CoyoteAdapter.service(CoyoteAdapter.java:342)
		at org.apache.coyote.http11.Http11Processor.service(Http11Processor.java:395)
		at org.apache.coyote.AbstractProcessorLight.process(AbstractProcessorLight.java:63)
		at org.apache.coyote.AbstractProtocol$ConnectionHandler.process(AbstractProtocol.java:905)
		at org.apache.tomcat.util.net.NioEndpoint$SocketProcessor.doRun(NioEndpoint.java:1748)
		at org.apache.tomcat.util.net.SocketProcessorBase.run(SocketProcessorBase.java:52)
		at org.apache.tomcat.util.threads.ThreadPoolExecutor.runWorker(ThreadPoolExecutor.java:1148)
		at org.apache.tomcat.util.threads.ThreadPoolExecutor$Worker.run(ThreadPoolExecutor.java:636)
		at org.apache.tomcat.util.threads.TaskThread$WrappingRunnable.run(TaskThread.java:63)
		at java.base/java.lang.Thread.run(Thread.java:1447)
	Caused by: jakarta.servlet.ServletException: java.lang.NoClassDefFoundError: javax/servlet/jsp/tagext/TagLibraryValidator
		at org.apache.jasper.servlet.JspServlet.service(JspServlet.java:307)
		at jakarta.servlet.http.HttpServlet.service(HttpServlet.java:716)
		at org.apache.catalina.core.ApplicationFilterChain.doFilter(ApplicationFilterChain.java:130)
		at org.apache.catalina.core.ApplicationDispatcher.invoke(ApplicationDispatcher.java:539)
		at org.apache.catalina.core.ApplicationDispatcher.include(ApplicationDispatcher.java:436)
		at org.apache.jasper.runtime.JspRuntimeLibrary.include(JspRuntimeLibrary.java:994)
		at org.apache.jsp.error_jsp._jspService(error_jsp.java:125)
		at org.apache.jasper.runtime.HttpJspBase.service(HttpJspBase.java:67)
		at jakarta.servlet.http.HttpServlet.service(HttpServlet.java:716)
		at org.apache.jasper.servlet.JspServletWrapper.service(JspServletWrapper.java:456)
		... 24 more
	Caused by: java.lang.NoClassDefFoundError: javax/servlet/jsp/tagext/TagLibraryValidator
		at java.base/java.lang.ClassLoader.defineClass1(Native Method)
		at java.base/java.lang.ClassLoader.defineClass(ClassLoader.java:962)
		at java.base/java.security.SecureClassLoader.defineClass(SecureClassLoader.java:132)
		at org.apache.catalina.loader.WebappClassLoaderBase.findClassInternal(WebappClassLoaderBase.java:2165)
		at org.apache.catalina.loader.WebappClassLoaderBase.findClass(WebappClassLoaderBase.java:695)
		at org.apache.catalina.loader.WebappClassLoaderBase.loadClass(WebappClassLoaderBase.java:1187)
		at org.apache.catalina.loader.WebappClassLoaderBase.loadClass(WebappClassLoaderBase.java:1057)
		at java.base/java.lang.ClassLoader.defineClass1(Native Method)
		at java.base/java.lang.ClassLoader.defineClass(ClassLoader.java:962)
		at java.base/java.security.SecureClassLoader.defineClass(SecureClassLoader.java:132)
		at org.apache.catalina.loader.WebappClassLoaderBase.findClassInternal(WebappClassLoaderBase.java:2165)
		at org.apache.catalina.loader.WebappClassLoaderBase.findClass(WebappClassLoaderBase.java:695)
		at org.apache.catalina.loader.WebappClassLoaderBase.loadClass(WebappClassLoaderBase.java:1187)
		at org.apache.catalina.loader.WebappClassLoaderBase.loadClass(WebappClassLoaderBase.java:1057)
		at org.apache.jasper.compiler.TagLibraryInfoImpl.createValidator(TagLibraryInfoImpl.java:352)
		at org.apache.jasper.compiler.TagLibraryInfoImpl.<init>(TagLibraryInfoImpl.java:192)
		at org.apache.jasper.compiler.Parser.parseTaglibDirective(Parser.java:412)
		at org.apache.jasper.compiler.Parser.parseDirective(Parser.java:465)
		at org.apache.jasper.compiler.Parser.parseElements(Parser.java:1294)
		at org.apache.jasper.compiler.Parser.parse(Parser.java:130)
		at org.apache.jasper.compiler.ParserController.doParse(ParserController.java:243)
		at org.apache.jasper.compiler.ParserController.parse(ParserController.java:106)
		at org.apache.jasper.compiler.Compiler.generateJava(Compiler.java:194)
		at org.apache.jasper.compiler.Compiler.compile(Compiler.java:367)
		at org.apache.jasper.compiler.Compiler.compile(Compiler.java:345)
		at org.apache.jasper.compiler.Compiler.compile(Compiler.java:331)
		at org.apache.jasper.JspCompilationContext.compile(JspCompilationContext.java:602)
		at org.apache.jasper.servlet.JspServletWrapper.service(JspServletWrapper.java:396)
		at org.apache.jasper.servlet.JspServlet.serviceJspFile(JspServlet.java:354)
		at org.apache.jasper.servlet.JspServlet.service(JspServlet.java:302)
		... 33 more
	Caused by: java.lang.ClassNotFoundException: javax.servlet.jsp.tagext.TagLibraryValidator
		at org.apache.catalina.loader.WebappClassLoaderBase.loadClass(WebappClassLoaderBase.java:1226)
		at org.apache.catalina.loader.WebappClassLoaderBase.loadClass(WebappClassLoaderBase.java:1057)
		... 63 more
09-Apr-2025 00:28:48.033 SEVERE [http-nio-7070-exec-7] org.apache.catalina.core.StandardWrapperValve.invoke Servlet.service() for servlet [jsp] in context with path [/event-registration-system-1.0-SNAPSHOT] threw exception [java.lang.NoClassDefFoundError: javax/servlet/jsp/tagext/TagLibraryValidator] with root cause
	java.lang.ClassNotFoundException: javax.servlet.jsp.tagext.TagLibraryValidator
		at org.apache.catalina.loader.WebappClassLoaderBase.loadClass(WebappClassLoaderBase.java:1226)
		at org.apache.catalina.loader.WebappClassLoaderBase.loadClass(WebappClassLoaderBase.java:1057)
		at java.base/java.lang.ClassLoader.defineClass1(Native Method)
		at java.base/java.lang.ClassLoader.defineClass(ClassLoader.java:962)
		at java.base/java.security.SecureClassLoader.defineClass(SecureClassLoader.java:132)
		at org.apache.catalina.loader.WebappClassLoaderBase.findClassInternal(WebappClassLoaderBase.java:2165)
		at org.apache.catalina.loader.WebappClassLoaderBase.findClass(WebappClassLoaderBase.java:695)
		at org.apache.catalina.loader.WebappClassLoaderBase.loadClass(WebappClassLoaderBase.java:1187)
		at org.apache.catalina.loader.WebappClassLoaderBase.loadClass(WebappClassLoaderBase.java:1057)
		at java.base/java.lang.ClassLoader.defineClass1(Native Method)
		at java.base/java.lang.ClassLoader.defineClass(ClassLoader.java:962)
		at java.base/java.security.SecureClassLoader.defineClass(SecureClassLoader.java:132)
		at org.apache.catalina.loader.WebappClassLoaderBase.findClassInternal(WebappClassLoaderBase.java:2165)
		at org.apache.catalina.loader.WebappClassLoaderBase.findClass(WebappClassLoaderBase.java:695)
		at org.apache.catalina.loader.WebappClassLoaderBase.loadClass(WebappClassLoaderBase.java:1187)
		at org.apache.catalina.loader.WebappClassLoaderBase.loadClass(WebappClassLoaderBase.java:1057)
		at org.apache.jasper.compiler.TagLibraryInfoImpl.createValidator(TagLibraryInfoImpl.java:352)
		at org.apache.jasper.compiler.TagLibraryInfoImpl.<init>(TagLibraryInfoImpl.java:192)
		at org.apache.jasper.compiler.Parser.parseTaglibDirective(Parser.java:412)
		at org.apache.jasper.compiler.Parser.parseDirective(Parser.java:465)
		at org.apache.jasper.compiler.Parser.parseElements(Parser.java:1294)
		at org.apache.jasper.compiler.Parser.parse(Parser.java:130)
		at org.apache.jasper.compiler.ParserController.doParse(ParserController.java:243)
		at org.apache.jasper.compiler.ParserController.parse(ParserController.java:106)
		at org.apache.jasper.compiler.Compiler.generateJava(Compiler.java:194)
		at org.apache.jasper.compiler.Compiler.compile(Compiler.java:367)
		at org.apache.jasper.compiler.Compiler.compile(Compiler.java:345)
		at org.apache.jasper.compiler.Compiler.compile(Compiler.java:331)
		at org.apache.jasper.JspCompilationContext.compile(JspCompilationContext.java:602)
		at org.apache.jasper.servlet.JspServletWrapper.service(JspServletWrapper.java:396)
		at org.apache.jasper.servlet.JspServlet.serviceJspFile(JspServlet.java:354)
		at org.apache.jasper.servlet.JspServlet.service(JspServlet.java:302)
		at jakarta.servlet.http.HttpServlet.service(HttpServlet.java:716)
		at org.apache.catalina.core.ApplicationFilterChain.doFilter(ApplicationFilterChain.java:130)
		at org.apache.tomcat.websocket.server.WsFilter.doFilter(WsFilter.java:51)
		at org.apache.catalina.core.ApplicationFilterChain.doFilter(ApplicationFilterChain.java:109)
		at org.apache.catalina.core.StandardWrapperValve.invoke(StandardWrapperValve.java:167)
		at org.apache.catalina.core.StandardContextValve.invoke(StandardContextValve.java:79)
		at org.apache.catalina.authenticator.AuthenticatorBase.invoke(AuthenticatorBase.java:483)
		at org.apache.catalina.core.StandardHostValve.invoke(StandardHostValve.java:115)
		at org.apache.catalina.valves.ErrorReportValve.invoke(ErrorReportValve.java:93)
		at org.apache.catalina.valves.AbstractAccessLogValve.invoke(AbstractAccessLogValve.java:670)
		at org.apache.catalina.core.StandardEngineValve.invoke(StandardEngineValve.java:74)
		at org.apache.catalina.connector.CoyoteAdapter.service(CoyoteAdapter.java:342)
		at org.apache.coyote.http11.Http11Processor.service(Http11Processor.java:395)
		at org.apache.coyote.AbstractProcessorLight.process(AbstractProcessorLight.java:63)
		at org.apache.coyote.AbstractProtocol$ConnectionHandler.process(AbstractProtocol.java:905)
		at org.apache.tomcat.util.net.NioEndpoint$SocketProcessor.doRun(NioEndpoint.java:1748)
		at org.apache.tomcat.util.net.SocketProcessorBase.run(SocketProcessorBase.java:52)
		at org.apache.tomcat.util.threads.ThreadPoolExecutor.runWorker(ThreadPoolExecutor.java:1148)
		at org.apache.tomcat.util.threads.ThreadPoolExecutor$Worker.run(ThreadPoolExecutor.java:636)
		at org.apache.tomcat.util.threads.TaskThread$WrappingRunnable.run(TaskThread.java:63)
		at java.base/java.lang.Thread.run(Thread.java:1447)
09-Apr-2025 00:28:48.046 SEVERE [http-nio-7070-exec-7] org.apache.catalina.core.ApplicationDispatcher.invoke Servlet.service() for servlet [jsp] threw exception
	java.lang.ClassNotFoundException: javax.servlet.jsp.tagext.TagLibraryValidator
		at org.apache.catalina.loader.WebappClassLoaderBase.loadClass(WebappClassLoaderBase.java:1226)
		at org.apache.catalina.loader.WebappClassLoaderBase.loadClass(WebappClassLoaderBase.java:1057)
		at java.base/java.lang.ClassLoader.defineClass1(Native Method)
		at java.base/java.lang.ClassLoader.defineClass(ClassLoader.java:962)
		at java.base/java.security.SecureClassLoader.defineClass(SecureClassLoader.java:132)
		at org.apache.catalina.loader.WebappClassLoaderBase.findClassInternal(WebappClassLoaderBase.java:2165)
		at org.apache.catalina.loader.WebappClassLoaderBase.findClass(WebappClassLoaderBase.java:695)
		at org.apache.catalina.loader.WebappClassLoaderBase.loadClass(WebappClassLoaderBase.java:1187)
		at org.apache.catalina.loader.WebappClassLoaderBase.loadClass(WebappClassLoaderBase.java:1057)
		at java.base/java.lang.ClassLoader.defineClass1(Native Method)
		at java.base/java.lang.ClassLoader.defineClass(ClassLoader.java:962)
		at java.base/java.security.SecureClassLoader.defineClass(SecureClassLoader.java:132)
		at org.apache.catalina.loader.WebappClassLoaderBase.findClassInternal(WebappClassLoaderBase.java:2165)
		at org.apache.catalina.loader.WebappClassLoaderBase.findClass(WebappClassLoaderBase.java:695)
		at org.apache.catalina.loader.WebappClassLoaderBase.loadClass(WebappClassLoaderBase.java:1187)
		at org.apache.catalina.loader.WebappClassLoaderBase.loadClass(WebappClassLoaderBase.java:1057)
		at org.apache.jasper.compiler.TagLibraryInfoImpl.createValidator(TagLibraryInfoImpl.java:352)
		at org.apache.jasper.compiler.TagLibraryInfoImpl.<init>(TagLibraryInfoImpl.java:192)
		at org.apache.jasper.compiler.Parser.parseTaglibDirective(Parser.java:412)
		at org.apache.jasper.compiler.Parser.parseDirective(Parser.java:465)
		at org.apache.jasper.compiler.Parser.parseElements(Parser.java:1294)
		at org.apache.jasper.compiler.Parser.parse(Parser.java:130)
		at org.apache.jasper.compiler.ParserController.doParse(ParserController.java:243)
		at org.apache.jasper.compiler.ParserController.parse(ParserController.java:106)
		at org.apache.jasper.compiler.Compiler.generateJava(Compiler.java:194)
		at org.apache.jasper.compiler.Compiler.compile(Compiler.java:367)
		at org.apache.jasper.compiler.Compiler.compile(Compiler.java:345)
		at org.apache.jasper.compiler.Compiler.compile(Compiler.java:331)
		at org.apache.jasper.JspCompilationContext.compile(JspCompilationContext.java:602)
		at org.apache.jasper.servlet.JspServletWrapper.service(JspServletWrapper.java:396)
		at org.apache.jasper.servlet.JspServlet.serviceJspFile(JspServlet.java:354)
		at org.apache.jasper.servlet.JspServlet.service(JspServlet.java:302)
		at jakarta.servlet.http.HttpServlet.service(HttpServlet.java:716)
		at org.apache.catalina.core.ApplicationFilterChain.doFilter(ApplicationFilterChain.java:130)
		at org.apache.catalina.core.ApplicationDispatcher.invoke(ApplicationDispatcher.java:539)
		at org.apache.catalina.core.ApplicationDispatcher.include(ApplicationDispatcher.java:436)
		at org.apache.jasper.runtime.JspRuntimeLibrary.include(JspRuntimeLibrary.java:994)
		at org.apache.jsp.error_jsp._jspService(error_jsp.java:125)
		at org.apache.jasper.runtime.HttpJspBase.service(HttpJspBase.java:67)
		at jakarta.servlet.http.HttpServlet.service(HttpServlet.java:716)
		at org.apache.jasper.servlet.JspServletWrapper.service(JspServletWrapper.java:456)
		at org.apache.jasper.servlet.JspServlet.serviceJspFile(JspServlet.java:354)
		at org.apache.jasper.servlet.JspServlet.service(JspServlet.java:302)
		at jakarta.servlet.http.HttpServlet.service(HttpServlet.java:716)
		at org.apache.catalina.core.ApplicationFilterChain.doFilter(ApplicationFilterChain.java:130)
		at org.apache.catalina.core.ApplicationDispatcher.invoke(ApplicationDispatcher.java:539)
		at org.apache.catalina.core.ApplicationDispatcher.processRequest(ApplicationDispatcher.java:355)
		at org.apache.catalina.core.ApplicationDispatcher.forward(ApplicationDispatcher.java:275)
		at org.apache.catalina.core.StandardHostValve.custom(StandardHostValve.java:381)
		at org.apache.catalina.core.StandardHostValve.status(StandardHostValve.java:208)
		at org.apache.catalina.core.StandardHostValve.throwable(StandardHostValve.java:284)
		at org.apache.catalina.core.StandardHostValve.invoke(StandardHostValve.java:149)
		at org.apache.catalina.valves.ErrorReportValve.invoke(ErrorReportValve.java:93)
		at org.apache.catalina.valves.AbstractAccessLogValve.invoke(AbstractAccessLogValve.java:670)
		at org.apache.catalina.core.StandardEngineValve.invoke(StandardEngineValve.java:74)
		at org.apache.catalina.connector.CoyoteAdapter.service(CoyoteAdapter.java:342)
		at org.apache.coyote.http11.Http11Processor.service(Http11Processor.java:395)
		at org.apache.coyote.AbstractProcessorLight.process(AbstractProcessorLight.java:63)
		at org.apache.coyote.AbstractProtocol$ConnectionHandler.process(AbstractProtocol.java:905)
		at org.apache.tomcat.util.net.NioEndpoint$SocketProcessor.doRun(NioEndpoint.java:1748)
		at org.apache.tomcat.util.net.SocketProcessorBase.run(SocketProcessorBase.java:52)
		at org.apache.tomcat.util.threads.ThreadPoolExecutor.runWorker(ThreadPoolExecutor.java:1148)
		at org.apache.tomcat.util.threads.ThreadPoolExecutor$Worker.run(ThreadPoolExecutor.java:636)
		at org.apache.tomcat.util.threads.TaskThread$WrappingRunnable.run(TaskThread.java:63)
		at java.base/java.lang.Thread.run(Thread.java:1447)
09-Apr-2025 00:28:48.048 SEVERE [http-nio-7070-exec-7] org.apache.catalina.core.ApplicationDispatcher.invoke Servlet.service() for servlet [jsp] threw exception
	java.lang.ClassNotFoundException: javax.servlet.jsp.tagext.TagLibraryValidator
		at org.apache.catalina.loader.WebappClassLoaderBase.loadClass(WebappClassLoaderBase.java:1226)
		at org.apache.catalina.loader.WebappClassLoaderBase.loadClass(WebappClassLoaderBase.java:1057)
		at java.base/java.lang.ClassLoader.defineClass1(Native Method)
		at java.base/java.lang.ClassLoader.defineClass(ClassLoader.java:962)
		at java.base/java.security.SecureClassLoader.defineClass(SecureClassLoader.java:132)
		at org.apache.catalina.loader.WebappClassLoaderBase.findClassInternal(WebappClassLoaderBase.java:2165)
		at org.apache.catalina.loader.WebappClassLoaderBase.findClass(WebappClassLoaderBase.java:695)
		at org.apache.catalina.loader.WebappClassLoaderBase.loadClass(WebappClassLoaderBase.java:1187)
		at org.apache.catalina.loader.WebappClassLoaderBase.loadClass(WebappClassLoaderBase.java:1057)
		at java.base/java.lang.ClassLoader.defineClass1(Native Method)
		at java.base/java.lang.ClassLoader.defineClass(ClassLoader.java:962)
		at java.base/java.security.SecureClassLoader.defineClass(SecureClassLoader.java:132)
		at org.apache.catalina.loader.WebappClassLoaderBase.findClassInternal(WebappClassLoaderBase.java:2165)
		at org.apache.catalina.loader.WebappClassLoaderBase.findClass(WebappClassLoaderBase.java:695)
		at org.apache.catalina.loader.WebappClassLoaderBase.loadClass(WebappClassLoaderBase.java:1187)
		at org.apache.catalina.loader.WebappClassLoaderBase.loadClass(WebappClassLoaderBase.java:1057)
		at org.apache.jasper.compiler.TagLibraryInfoImpl.createValidator(TagLibraryInfoImpl.java:352)
		at org.apache.jasper.compiler.TagLibraryInfoImpl.<init>(TagLibraryInfoImpl.java:192)
		at org.apache.jasper.compiler.Parser.parseTaglibDirective(Parser.java:412)
		at org.apache.jasper.compiler.Parser.parseDirective(Parser.java:465)
		at org.apache.jasper.compiler.Parser.parseElements(Parser.java:1294)
		at org.apache.jasper.compiler.Parser.parse(Parser.java:130)
		at org.apache.jasper.compiler.ParserController.doParse(ParserController.java:243)
		at org.apache.jasper.compiler.ParserController.parse(ParserController.java:106)
		at org.apache.jasper.compiler.Compiler.generateJava(Compiler.java:194)
		at org.apache.jasper.compiler.Compiler.compile(Compiler.java:367)
		at org.apache.jasper.compiler.Compiler.compile(Compiler.java:345)
		at org.apache.jasper.compiler.Compiler.compile(Compiler.java:331)
		at org.apache.jasper.JspCompilationContext.compile(JspCompilationContext.java:602)
		at org.apache.jasper.servlet.JspServletWrapper.service(JspServletWrapper.java:396)
		at org.apache.jasper.servlet.JspServlet.serviceJspFile(JspServlet.java:354)
		at org.apache.jasper.servlet.JspServlet.service(JspServlet.java:302)
		at jakarta.servlet.http.HttpServlet.service(HttpServlet.java:716)
		at org.apache.catalina.core.ApplicationFilterChain.doFilter(ApplicationFilterChain.java:130)
		at org.apache.catalina.core.ApplicationDispatcher.invoke(ApplicationDispatcher.java:539)
		at org.apache.catalina.core.ApplicationDispatcher.include(ApplicationDispatcher.java:436)
		at org.apache.jasper.runtime.JspRuntimeLibrary.include(JspRuntimeLibrary.java:994)
		at org.apache.jsp.error_jsp._jspService(error_jsp.java:125)
		at org.apache.jasper.runtime.HttpJspBase.service(HttpJspBase.java:67)
		at jakarta.servlet.http.HttpServlet.service(HttpServlet.java:716)
		at org.apache.jasper.servlet.JspServletWrapper.service(JspServletWrapper.java:456)
		at org.apache.jasper.servlet.JspServlet.serviceJspFile(JspServlet.java:354)
		at org.apache.jasper.servlet.JspServlet.service(JspServlet.java:302)
		at jakarta.servlet.http.HttpServlet.service(HttpServlet.java:716)
		at org.apache.catalina.core.ApplicationFilterChain.doFilter(ApplicationFilterChain.java:130)
		at org.apache.catalina.core.ApplicationDispatcher.invoke(ApplicationDispatcher.java:539)
		at org.apache.catalina.core.ApplicationDispatcher.processRequest(ApplicationDispatcher.java:355)
		at org.apache.catalina.core.ApplicationDispatcher.forward(ApplicationDispatcher.java:275)
		at org.apache.catalina.core.StandardHostValve.custom(StandardHostValve.java:381)
		at org.apache.catalina.core.StandardHostValve.status(StandardHostValve.java:208)
		at org.apache.catalina.core.StandardHostValve.throwable(StandardHostValve.java:284)
		at org.apache.catalina.core.StandardHostValve.invoke(StandardHostValve.java:149)
		at org.apache.catalina.valves.ErrorReportValve.invoke(ErrorReportValve.java:93)
		at org.apache.catalina.valves.AbstractAccessLogValve.invoke(AbstractAccessLogValve.java:670)
		at org.apache.catalina.core.StandardEngineValve.invoke(StandardEngineValve.java:74)
		at org.apache.catalina.connector.CoyoteAdapter.service(CoyoteAdapter.java:342)
		at org.apache.coyote.http11.Http11Processor.service(Http11Processor.java:395)
		at org.apache.coyote.AbstractProcessorLight.process(AbstractProcessorLight.java:63)
		at org.apache.coyote.AbstractProtocol$ConnectionHandler.process(AbstractProtocol.java:905)
		at org.apache.tomcat.util.net.NioEndpoint$SocketProcessor.doRun(NioEndpoint.java:1748)
		at org.apache.tomcat.util.net.SocketProcessorBase.run(SocketProcessorBase.java:52)
		at org.apache.tomcat.util.threads.ThreadPoolExecutor.runWorker(ThreadPoolExecutor.java:1148)
		at org.apache.tomcat.util.threads.ThreadPoolExecutor$Worker.run(ThreadPoolExecutor.java:636)
		at org.apache.tomcat.util.threads.TaskThread$WrappingRunnable.run(TaskThread.java:63)
		at java.base/java.lang.Thread.run(Thread.java:1447)
09-Apr-2025 00:28:48.048 SEVERE [http-nio-7070-exec-7] org.apache.catalina.core.StandardHostValve.custom Exception Processing [ErrorPage[errorCode=500, location=/error.jsp]]
	org.apache.jasper.JasperException: An exception occurred processing [/error.jsp] at line [11]

8:     <link rel="stylesheet" href="${pageContext.request.contextPath}/css/style.css">
9: </head>
10: <body>
11:     <jsp:include page="header.jsp" />
12:     
13:     <div class="container">
14:         <div class="error-container">


Stacktrace:
		at org.apache.jasper.servlet.JspServletWrapper.handleJspException(JspServletWrapper.java:599)
		at org.apache.jasper.servlet.JspServletWrapper.service(JspServletWrapper.java:478)
		at org.apache.jasper.servlet.JspServlet.serviceJspFile(JspServlet.java:354)
		at org.apache.jasper.servlet.JspServlet.service(JspServlet.java:302)
		at jakarta.servlet.http.HttpServlet.service(HttpServlet.java:716)
		at org.apache.catalina.core.ApplicationFilterChain.doFilter(ApplicationFilterChain.java:130)
		at org.apache.catalina.core.ApplicationDispatcher.invoke(ApplicationDispatcher.java:539)
		at org.apache.catalina.core.ApplicationDispatcher.processRequest(ApplicationDispatcher.java:355)
		at org.apache.catalina.core.ApplicationDispatcher.forward(ApplicationDispatcher.java:275)
		at org.apache.catalina.core.StandardHostValve.custom(StandardHostValve.java:381)
		at org.apache.catalina.core.StandardHostValve.status(StandardHostValve.java:208)
		at org.apache.catalina.core.StandardHostValve.throwable(StandardHostValve.java:284)
		at org.apache.catalina.core.StandardHostValve.invoke(StandardHostValve.java:149)
		at org.apache.catalina.valves.ErrorReportValve.invoke(ErrorReportValve.java:93)
		at org.apache.catalina.valves.AbstractAccessLogValve.invoke(AbstractAccessLogValve.java:670)
		at org.apache.catalina.core.StandardEngineValve.invoke(StandardEngineValve.java:74)
		at org.apache.catalina.connector.CoyoteAdapter.service(CoyoteAdapter.java:342)
		at org.apache.coyote.http11.Http11Processor.service(Http11Processor.java:395)
		at org.apache.coyote.AbstractProcessorLight.process(AbstractProcessorLight.java:63)
		at org.apache.coyote.AbstractProtocol$ConnectionHandler.process(AbstractProtocol.java:905)
		at org.apache.tomcat.util.net.NioEndpoint$SocketProcessor.doRun(NioEndpoint.java:1748)
		at org.apache.tomcat.util.net.SocketProcessorBase.run(SocketProcessorBase.java:52)
		at org.apache.tomcat.util.threads.ThreadPoolExecutor.runWorker(ThreadPoolExecutor.java:1148)
		at org.apache.tomcat.util.threads.ThreadPoolExecutor$Worker.run(ThreadPoolExecutor.java:636)
		at org.apache.tomcat.util.threads.TaskThread$WrappingRunnable.run(TaskThread.java:63)
		at java.base/java.lang.Thread.run(Thread.java:1447)
	Caused by: jakarta.servlet.ServletException: java.lang.NoClassDefFoundError: javax/servlet/jsp/tagext/TagLibraryValidator
		at org.apache.jasper.servlet.JspServlet.service(JspServlet.java:307)
		at jakarta.servlet.http.HttpServlet.service(HttpServlet.java:716)
		at org.apache.catalina.core.ApplicationFilterChain.doFilter(ApplicationFilterChain.java:130)
		at org.apache.catalina.core.ApplicationDispatcher.invoke(ApplicationDispatcher.java:539)
		at org.apache.catalina.core.ApplicationDispatcher.include(ApplicationDispatcher.java:436)
		at org.apache.jasper.runtime.JspRuntimeLibrary.include(JspRuntimeLibrary.java:994)
		at org.apache.jsp.error_jsp._jspService(error_jsp.java:125)
		at org.apache.jasper.runtime.HttpJspBase.service(HttpJspBase.java:67)
		at jakarta.servlet.http.HttpServlet.service(HttpServlet.java:716)
		at org.apache.jasper.servlet.JspServletWrapper.service(JspServletWrapper.java:456)
		... 24 more
	Caused by: java.lang.NoClassDefFoundError: javax/servlet/jsp/tagext/TagLibraryValidator
		at java.base/java.lang.ClassLoader.defineClass1(Native Method)
		at java.base/java.lang.ClassLoader.defineClass(ClassLoader.java:962)
		at java.base/java.security.SecureClassLoader.defineClass(SecureClassLoader.java:132)
		at org.apache.catalina.loader.WebappClassLoaderBase.findClassInternal(WebappClassLoaderBase.java:2165)
		at org.apache.catalina.loader.WebappClassLoaderBase.findClass(WebappClassLoaderBase.java:695)
		at org.apache.catalina.loader.WebappClassLoaderBase.loadClass(WebappClassLoaderBase.java:1187)
		at org.apache.catalina.loader.WebappClassLoaderBase.loadClass(WebappClassLoaderBase.java:1057)
		at java.base/java.lang.ClassLoader.defineClass1(Native Method)
		at java.base/java.lang.ClassLoader.defineClass(ClassLoader.java:962)
		at java.base/java.security.SecureClassLoader.defineClass(SecureClassLoader.java:132)
		at org.apache.catalina.loader.WebappClassLoaderBase.findClassInternal(WebappClassLoaderBase.java:2165)
		at org.apache.catalina.loader.WebappClassLoaderBase.findClass(WebappClassLoaderBase.java:695)
		at org.apache.catalina.loader.WebappClassLoaderBase.loadClass(WebappClassLoaderBase.java:1187)
		at org.apache.catalina.loader.WebappClassLoaderBase.loadClass(WebappClassLoaderBase.java:1057)
		at org.apache.jasper.compiler.TagLibraryInfoImpl.createValidator(TagLibraryInfoImpl.java:352)
		at org.apache.jasper.compiler.TagLibraryInfoImpl.<init>(TagLibraryInfoImpl.java:192)
		at org.apache.jasper.compiler.Parser.parseTaglibDirective(Parser.java:412)
		at org.apache.jasper.compiler.Parser.parseDirective(Parser.java:465)
		at org.apache.jasper.compiler.Parser.parseElements(Parser.java:1294)
		at org.apache.jasper.compiler.Parser.parse(Parser.java:130)
		at org.apache.jasper.compiler.ParserController.doParse(ParserController.java:243)
		at org.apache.jasper.compiler.ParserController.parse(ParserController.java:106)
		at org.apache.jasper.compiler.Compiler.generateJava(Compiler.java:194)
		at org.apache.jasper.compiler.Compiler.compile(Compiler.java:367)
		at org.apache.jasper.compiler.Compiler.compile(Compiler.java:345)
		at org.apache.jasper.compiler.Compiler.compile(Compiler.java:331)
		at org.apache.jasper.JspCompilationContext.compile(JspCompilationContext.java:602)
		at org.apache.jasper.servlet.JspServletWrapper.service(JspServletWrapper.java:396)
		at org.apache.jasper.servlet.JspServlet.serviceJspFile(JspServlet.java:354)
		at org.apache.jasper.servlet.JspServlet.service(JspServlet.java:302)
		... 33 more
	Caused by: java.lang.ClassNotFoundException: javax.servlet.jsp.tagext.TagLibraryValidator
		at org.apache.catalina.loader.WebappClassLoaderBase.loadClass(WebappClassLoaderBase.java:1226)
		at org.apache.catalina.loader.WebappClassLoaderBase.loadClass(WebappClassLoaderBase.java:1057)
		... 63 more
09-Apr-2025 00:38:08.615 SEVERE [http-nio-7070-exec-2] org.apache.catalina.core.StandardWrapperValve.invoke Servlet.service() for servlet [jsp] in context with path [/event-registration-system-1.0-SNAPSHOT] threw exception [java.lang.NoClassDefFoundError: javax/servlet/jsp/tagext/TagLibraryValidator] with root cause
	java.lang.ClassNotFoundException: javax.servlet.jsp.tagext.TagLibraryValidator
		at org.apache.catalina.loader.WebappClassLoaderBase.loadClass(WebappClassLoaderBase.java:1226)
		at org.apache.catalina.loader.WebappClassLoaderBase.loadClass(WebappClassLoaderBase.java:1057)
		at java.base/java.lang.ClassLoader.defineClass1(Native Method)
		at java.base/java.lang.ClassLoader.defineClass(ClassLoader.java:962)
		at java.base/java.security.SecureClassLoader.defineClass(SecureClassLoader.java:132)
		at org.apache.catalina.loader.WebappClassLoaderBase.findClassInternal(WebappClassLoaderBase.java:2165)
		at org.apache.catalina.loader.WebappClassLoaderBase.findClass(WebappClassLoaderBase.java:695)
		at org.apache.catalina.loader.WebappClassLoaderBase.loadClass(WebappClassLoaderBase.java:1187)
		at org.apache.catalina.loader.WebappClassLoaderBase.loadClass(WebappClassLoaderBase.java:1057)
		at java.base/java.lang.ClassLoader.defineClass1(Native Method)
		at java.base/java.lang.ClassLoader.defineClass(ClassLoader.java:962)
		at java.base/java.security.SecureClassLoader.defineClass(SecureClassLoader.java:132)
		at org.apache.catalina.loader.WebappClassLoaderBase.findClassInternal(WebappClassLoaderBase.java:2165)
		at org.apache.catalina.loader.WebappClassLoaderBase.findClass(WebappClassLoaderBase.java:695)
		at org.apache.catalina.loader.WebappClassLoaderBase.loadClass(WebappClassLoaderBase.java:1187)
		at org.apache.catalina.loader.WebappClassLoaderBase.loadClass(WebappClassLoaderBase.java:1057)
		at org.apache.jasper.compiler.TagLibraryInfoImpl.createValidator(TagLibraryInfoImpl.java:352)
		at org.apache.jasper.compiler.TagLibraryInfoImpl.<init>(TagLibraryInfoImpl.java:192)
		at org.apache.jasper.compiler.Parser.parseTaglibDirective(Parser.java:412)
		at org.apache.jasper.compiler.Parser.parseDirective(Parser.java:465)
		at org.apache.jasper.compiler.Parser.parseElements(Parser.java:1294)
		at org.apache.jasper.compiler.Parser.parse(Parser.java:130)
		at org.apache.jasper.compiler.ParserController.doParse(ParserController.java:243)
		at org.apache.jasper.compiler.ParserController.parse(ParserController.java:106)
		at org.apache.jasper.compiler.Compiler.generateJava(Compiler.java:194)
		at org.apache.jasper.compiler.Compiler.compile(Compiler.java:367)
		at org.apache.jasper.compiler.Compiler.compile(Compiler.java:345)
		at org.apache.jasper.compiler.Compiler.compile(Compiler.java:331)
		at org.apache.jasper.JspCompilationContext.compile(JspCompilationContext.java:602)
		at org.apache.jasper.servlet.JspServletWrapper.service(JspServletWrapper.java:396)
		at org.apache.jasper.servlet.JspServlet.serviceJspFile(JspServlet.java:354)
		at org.apache.jasper.servlet.JspServlet.service(JspServlet.java:302)
		at jakarta.servlet.http.HttpServlet.service(HttpServlet.java:716)
		at org.apache.catalina.core.ApplicationFilterChain.doFilter(ApplicationFilterChain.java:130)
		at org.apache.tomcat.websocket.server.WsFilter.doFilter(WsFilter.java:51)
		at org.apache.catalina.core.ApplicationFilterChain.doFilter(ApplicationFilterChain.java:109)
		at org.apache.catalina.core.StandardWrapperValve.invoke(StandardWrapperValve.java:167)
		at org.apache.catalina.core.StandardContextValve.invoke(StandardContextValve.java:79)
		at org.apache.catalina.authenticator.AuthenticatorBase.invoke(AuthenticatorBase.java:483)
		at org.apache.catalina.core.StandardHostValve.invoke(StandardHostValve.java:115)
		at org.apache.catalina.valves.ErrorReportValve.invoke(ErrorReportValve.java:93)
		at org.apache.catalina.valves.AbstractAccessLogValve.invoke(AbstractAccessLogValve.java:670)
		at org.apache.catalina.core.StandardEngineValve.invoke(StandardEngineValve.java:74)
		at org.apache.catalina.connector.CoyoteAdapter.service(CoyoteAdapter.java:342)
		at org.apache.coyote.http11.Http11Processor.service(Http11Processor.java:395)
		at org.apache.coyote.AbstractProcessorLight.process(AbstractProcessorLight.java:63)
		at org.apache.coyote.AbstractProtocol$ConnectionHandler.process(AbstractProtocol.java:905)
		at org.apache.tomcat.util.net.NioEndpoint$SocketProcessor.doRun(NioEndpoint.java:1748)
		at org.apache.tomcat.util.net.SocketProcessorBase.run(SocketProcessorBase.java:52)
		at org.apache.tomcat.util.threads.ThreadPoolExecutor.runWorker(ThreadPoolExecutor.java:1148)
		at org.apache.tomcat.util.threads.ThreadPoolExecutor$Worker.run(ThreadPoolExecutor.java:636)
		at org.apache.tomcat.util.threads.TaskThread$WrappingRunnable.run(TaskThread.java:63)
		at java.base/java.lang.Thread.run(Thread.java:1447)
09-Apr-2025 00:38:08.931 SEVERE [http-nio-7070-exec-2] org.apache.catalina.core.ApplicationDispatcher.invoke Servlet.service() for servlet [jsp] threw exception
	java.lang.ClassNotFoundException: javax.servlet.jsp.tagext.TagLibraryValidator
		at org.apache.catalina.loader.WebappClassLoaderBase.loadClass(WebappClassLoaderBase.java:1226)
		at org.apache.catalina.loader.WebappClassLoaderBase.loadClass(WebappClassLoaderBase.java:1057)
		at java.base/java.lang.ClassLoader.defineClass1(Native Method)
		at java.base/java.lang.ClassLoader.defineClass(ClassLoader.java:962)
		at java.base/java.security.SecureClassLoader.defineClass(SecureClassLoader.java:132)
		at org.apache.catalina.loader.WebappClassLoaderBase.findClassInternal(WebappClassLoaderBase.java:2165)
		at org.apache.catalina.loader.WebappClassLoaderBase.findClass(WebappClassLoaderBase.java:695)
		at org.apache.catalina.loader.WebappClassLoaderBase.loadClass(WebappClassLoaderBase.java:1187)
		at org.apache.catalina.loader.WebappClassLoaderBase.loadClass(WebappClassLoaderBase.java:1057)
		at java.base/java.lang.ClassLoader.defineClass1(Native Method)
		at java.base/java.lang.ClassLoader.defineClass(ClassLoader.java:962)
		at java.base/java.security.SecureClassLoader.defineClass(SecureClassLoader.java:132)
		at org.apache.catalina.loader.WebappClassLoaderBase.findClassInternal(WebappClassLoaderBase.java:2165)
		at org.apache.catalina.loader.WebappClassLoaderBase.findClass(WebappClassLoaderBase.java:695)
		at org.apache.catalina.loader.WebappClassLoaderBase.loadClass(WebappClassLoaderBase.java:1187)
		at org.apache.catalina.loader.WebappClassLoaderBase.loadClass(WebappClassLoaderBase.java:1057)
		at org.apache.jasper.compiler.TagLibraryInfoImpl.createValidator(TagLibraryInfoImpl.java:352)
		at org.apache.jasper.compiler.TagLibraryInfoImpl.<init>(TagLibraryInfoImpl.java:192)
		at org.apache.jasper.compiler.Parser.parseTaglibDirective(Parser.java:412)
		at org.apache.jasper.compiler.Parser.parseDirective(Parser.java:465)
		at org.apache.jasper.compiler.Parser.parseElements(Parser.java:1294)
		at org.apache.jasper.compiler.Parser.parse(Parser.java:130)
		at org.apache.jasper.compiler.ParserController.doParse(ParserController.java:243)
		at org.apache.jasper.compiler.ParserController.parse(ParserController.java:106)
		at org.apache.jasper.compiler.Compiler.generateJava(Compiler.java:194)
		at org.apache.jasper.compiler.Compiler.compile(Compiler.java:367)
		at org.apache.jasper.compiler.Compiler.compile(Compiler.java:345)
		at org.apache.jasper.compiler.Compiler.compile(Compiler.java:331)
		at org.apache.jasper.JspCompilationContext.compile(JspCompilationContext.java:602)
		at org.apache.jasper.servlet.JspServletWrapper.service(JspServletWrapper.java:396)
		at org.apache.jasper.servlet.JspServlet.serviceJspFile(JspServlet.java:354)
		at org.apache.jasper.servlet.JspServlet.service(JspServlet.java:302)
		at jakarta.servlet.http.HttpServlet.service(HttpServlet.java:716)
		at org.apache.catalina.core.ApplicationFilterChain.doFilter(ApplicationFilterChain.java:130)
		at org.apache.catalina.core.ApplicationDispatcher.invoke(ApplicationDispatcher.java:539)
		at org.apache.catalina.core.ApplicationDispatcher.include(ApplicationDispatcher.java:436)
		at org.apache.jasper.runtime.JspRuntimeLibrary.include(JspRuntimeLibrary.java:994)
		at org.apache.jsp.error_jsp._jspService(error_jsp.java:125)
		at org.apache.jasper.runtime.HttpJspBase.service(HttpJspBase.java:67)
		at jakarta.servlet.http.HttpServlet.service(HttpServlet.java:716)
		at org.apache.jasper.servlet.JspServletWrapper.service(JspServletWrapper.java:456)
		at org.apache.jasper.servlet.JspServlet.serviceJspFile(JspServlet.java:354)
		at org.apache.jasper.servlet.JspServlet.service(JspServlet.java:302)
		at jakarta.servlet.http.HttpServlet.service(HttpServlet.java:716)
		at org.apache.catalina.core.ApplicationFilterChain.doFilter(ApplicationFilterChain.java:130)
		at org.apache.catalina.core.ApplicationDispatcher.invoke(ApplicationDispatcher.java:539)
		at org.apache.catalina.core.ApplicationDispatcher.processRequest(ApplicationDispatcher.java:355)
		at org.apache.catalina.core.ApplicationDispatcher.forward(ApplicationDispatcher.java:275)
		at org.apache.catalina.core.StandardHostValve.custom(StandardHostValve.java:381)
		at org.apache.catalina.core.StandardHostValve.status(StandardHostValve.java:208)
		at org.apache.catalina.core.StandardHostValve.throwable(StandardHostValve.java:284)
		at org.apache.catalina.core.StandardHostValve.invoke(StandardHostValve.java:149)
		at org.apache.catalina.valves.ErrorReportValve.invoke(ErrorReportValve.java:93)
		at org.apache.catalina.valves.AbstractAccessLogValve.invoke(AbstractAccessLogValve.java:670)
		at org.apache.catalina.core.StandardEngineValve.invoke(StandardEngineValve.java:74)
		at org.apache.catalina.connector.CoyoteAdapter.service(CoyoteAdapter.java:342)
		at org.apache.coyote.http11.Http11Processor.service(Http11Processor.java:395)
		at org.apache.coyote.AbstractProcessorLight.process(AbstractProcessorLight.java:63)
		at org.apache.coyote.AbstractProtocol$ConnectionHandler.process(AbstractProtocol.java:905)
		at org.apache.tomcat.util.net.NioEndpoint$SocketProcessor.doRun(NioEndpoint.java:1748)
		at org.apache.tomcat.util.net.SocketProcessorBase.run(SocketProcessorBase.java:52)
		at org.apache.tomcat.util.threads.ThreadPoolExecutor.runWorker(ThreadPoolExecutor.java:1148)
		at org.apache.tomcat.util.threads.ThreadPoolExecutor$Worker.run(ThreadPoolExecutor.java:636)
		at org.apache.tomcat.util.threads.TaskThread$WrappingRunnable.run(TaskThread.java:63)
		at java.base/java.lang.Thread.run(Thread.java:1447)
09-Apr-2025 00:38:08.938 SEVERE [http-nio-7070-exec-2] org.apache.catalina.core.ApplicationDispatcher.invoke Servlet.service() for servlet [jsp] threw exception
	java.lang.ClassNotFoundException: javax.servlet.jsp.tagext.TagLibraryValidator
		at org.apache.catalina.loader.WebappClassLoaderBase.loadClass(WebappClassLoaderBase.java:1226)
		at org.apache.catalina.loader.WebappClassLoaderBase.loadClass(WebappClassLoaderBase.java:1057)
		at java.base/java.lang.ClassLoader.defineClass1(Native Method)
		at java.base/java.lang.ClassLoader.defineClass(ClassLoader.java:962)
		at java.base/java.security.SecureClassLoader.defineClass(SecureClassLoader.java:132)
		at org.apache.catalina.loader.WebappClassLoaderBase.findClassInternal(WebappClassLoaderBase.java:2165)
		at org.apache.catalina.loader.WebappClassLoaderBase.findClass(WebappClassLoaderBase.java:695)
		at org.apache.catalina.loader.WebappClassLoaderBase.loadClass(WebappClassLoaderBase.java:1187)
		at org.apache.catalina.loader.WebappClassLoaderBase.loadClass(WebappClassLoaderBase.java:1057)
		at java.base/java.lang.ClassLoader.defineClass1(Native Method)
		at java.base/java.lang.ClassLoader.defineClass(ClassLoader.java:962)
		at java.base/java.security.SecureClassLoader.defineClass(SecureClassLoader.java:132)
		at org.apache.catalina.loader.WebappClassLoaderBase.findClassInternal(WebappClassLoaderBase.java:2165)
		at org.apache.catalina.loader.WebappClassLoaderBase.findClass(WebappClassLoaderBase.java:695)
		at org.apache.catalina.loader.WebappClassLoaderBase.loadClass(WebappClassLoaderBase.java:1187)
		at org.apache.catalina.loader.WebappClassLoaderBase.loadClass(WebappClassLoaderBase.java:1057)
		at org.apache.jasper.compiler.TagLibraryInfoImpl.createValidator(TagLibraryInfoImpl.java:352)
		at org.apache.jasper.compiler.TagLibraryInfoImpl.<init>(TagLibraryInfoImpl.java:192)
		at org.apache.jasper.compiler.Parser.parseTaglibDirective(Parser.java:412)
		at org.apache.jasper.compiler.Parser.parseDirective(Parser.java:465)
		at org.apache.jasper.compiler.Parser.parseElements(Parser.java:1294)
		at org.apache.jasper.compiler.Parser.parse(Parser.java:130)
		at org.apache.jasper.compiler.ParserController.doParse(ParserController.java:243)
		at org.apache.jasper.compiler.ParserController.parse(ParserController.java:106)
		at org.apache.jasper.compiler.Compiler.generateJava(Compiler.java:194)
		at org.apache.jasper.compiler.Compiler.compile(Compiler.java:367)
		at org.apache.jasper.compiler.Compiler.compile(Compiler.java:345)
		at org.apache.jasper.compiler.Compiler.compile(Compiler.java:331)
		at org.apache.jasper.JspCompilationContext.compile(JspCompilationContext.java:602)
		at org.apache.jasper.servlet.JspServletWrapper.service(JspServletWrapper.java:396)
		at org.apache.jasper.servlet.JspServlet.serviceJspFile(JspServlet.java:354)
		at org.apache.jasper.servlet.JspServlet.service(JspServlet.java:302)
		at jakarta.servlet.http.HttpServlet.service(HttpServlet.java:716)
		at org.apache.catalina.core.ApplicationFilterChain.doFilter(ApplicationFilterChain.java:130)
		at org.apache.catalina.core.ApplicationDispatcher.invoke(ApplicationDispatcher.java:539)
		at org.apache.catalina.core.ApplicationDispatcher.include(ApplicationDispatcher.java:436)
		at org.apache.jasper.runtime.JspRuntimeLibrary.include(JspRuntimeLibrary.java:994)
		at org.apache.jsp.error_jsp._jspService(error_jsp.java:125)
		at org.apache.jasper.runtime.HttpJspBase.service(HttpJspBase.java:67)
		at jakarta.servlet.http.HttpServlet.service(HttpServlet.java:716)
		at org.apache.jasper.servlet.JspServletWrapper.service(JspServletWrapper.java:456)
		at org.apache.jasper.servlet.JspServlet.serviceJspFile(JspServlet.java:354)
		at org.apache.jasper.servlet.JspServlet.service(JspServlet.java:302)
		at jakarta.servlet.http.HttpServlet.service(HttpServlet.java:716)
		at org.apache.catalina.core.ApplicationFilterChain.doFilter(ApplicationFilterChain.java:130)
		at org.apache.catalina.core.ApplicationDispatcher.invoke(ApplicationDispatcher.java:539)
		at org.apache.catalina.core.ApplicationDispatcher.processRequest(ApplicationDispatcher.java:355)
		at org.apache.catalina.core.ApplicationDispatcher.forward(ApplicationDispatcher.java:275)
		at org.apache.catalina.core.StandardHostValve.custom(StandardHostValve.java:381)
		at org.apache.catalina.core.StandardHostValve.status(StandardHostValve.java:208)
		at org.apache.catalina.core.StandardHostValve.throwable(StandardHostValve.java:284)
		at org.apache.catalina.core.StandardHostValve.invoke(StandardHostValve.java:149)
		at org.apache.catalina.valves.ErrorReportValve.invoke(ErrorReportValve.java:93)
		at org.apache.catalina.valves.AbstractAccessLogValve.invoke(AbstractAccessLogValve.java:670)
		at org.apache.catalina.core.StandardEngineValve.invoke(StandardEngineValve.java:74)
		at org.apache.catalina.connector.CoyoteAdapter.service(CoyoteAdapter.java:342)
		at org.apache.coyote.http11.Http11Processor.service(Http11Processor.java:395)
		at org.apache.coyote.AbstractProcessorLight.process(AbstractProcessorLight.java:63)
		at org.apache.coyote.AbstractProtocol$ConnectionHandler.process(AbstractProtocol.java:905)
		at org.apache.tomcat.util.net.NioEndpoint$SocketProcessor.doRun(NioEndpoint.java:1748)
		at org.apache.tomcat.util.net.SocketProcessorBase.run(SocketProcessorBase.java:52)
		at org.apache.tomcat.util.threads.ThreadPoolExecutor.runWorker(ThreadPoolExecutor.java:1148)
		at org.apache.tomcat.util.threads.ThreadPoolExecutor$Worker.run(ThreadPoolExecutor.java:636)
		at org.apache.tomcat.util.threads.TaskThread$WrappingRunnable.run(TaskThread.java:63)
		at java.base/java.lang.Thread.run(Thread.java:1447)
09-Apr-2025 00:38:08.938 SEVERE [http-nio-7070-exec-2] org.apache.catalina.core.StandardHostValve.custom Exception Processing [ErrorPage[errorCode=500, location=/error.jsp]]
	org.apache.jasper.JasperException: An exception occurred processing [/error.jsp] at line [11]

8:     <link rel="stylesheet" href="${pageContext.request.contextPath}/css/style.css">
9: </head>
10: <body>
11:     <jsp:include page="header.jsp" />
12:     
13:     <div class="container">
14:         <div class="error-container">


Stacktrace:
		at org.apache.jasper.servlet.JspServletWrapper.handleJspException(JspServletWrapper.java:599)
		at org.apache.jasper.servlet.JspServletWrapper.service(JspServletWrapper.java:478)
		at org.apache.jasper.servlet.JspServlet.serviceJspFile(JspServlet.java:354)
		at org.apache.jasper.servlet.JspServlet.service(JspServlet.java:302)
		at jakarta.servlet.http.HttpServlet.service(HttpServlet.java:716)
		at org.apache.catalina.core.ApplicationFilterChain.doFilter(ApplicationFilterChain.java:130)
		at org.apache.catalina.core.ApplicationDispatcher.invoke(ApplicationDispatcher.java:539)
		at org.apache.catalina.core.ApplicationDispatcher.processRequest(ApplicationDispatcher.java:355)
		at org.apache.catalina.core.ApplicationDispatcher.forward(ApplicationDispatcher.java:275)
		at org.apache.catalina.core.StandardHostValve.custom(StandardHostValve.java:381)
		at org.apache.catalina.core.StandardHostValve.status(StandardHostValve.java:208)
		at org.apache.catalina.core.StandardHostValve.throwable(StandardHostValve.java:284)
		at org.apache.catalina.core.StandardHostValve.invoke(StandardHostValve.java:149)
		at org.apache.catalina.valves.ErrorReportValve.invoke(ErrorReportValve.java:93)
		at org.apache.catalina.valves.AbstractAccessLogValve.invoke(AbstractAccessLogValve.java:670)
		at org.apache.catalina.core.StandardEngineValve.invoke(StandardEngineValve.java:74)
		at org.apache.catalina.connector.CoyoteAdapter.service(CoyoteAdapter.java:342)
		at org.apache.coyote.http11.Http11Processor.service(Http11Processor.java:395)
		at org.apache.coyote.AbstractProcessorLight.process(AbstractProcessorLight.java:63)
		at org.apache.coyote.AbstractProtocol$ConnectionHandler.process(AbstractProtocol.java:905)
		at org.apache.tomcat.util.net.NioEndpoint$SocketProcessor.doRun(NioEndpoint.java:1748)
		at org.apache.tomcat.util.net.SocketProcessorBase.run(SocketProcessorBase.java:52)
		at org.apache.tomcat.util.threads.ThreadPoolExecutor.runWorker(ThreadPoolExecutor.java:1148)
		at org.apache.tomcat.util.threads.ThreadPoolExecutor$Worker.run(ThreadPoolExecutor.java:636)
		at org.apache.tomcat.util.threads.TaskThread$WrappingRunnable.run(TaskThread.java:63)
		at java.base/java.lang.Thread.run(Thread.java:1447)
	Caused by: jakarta.servlet.ServletException: java.lang.NoClassDefFoundError: javax/servlet/jsp/tagext/TagLibraryValidator
		at org.apache.jasper.servlet.JspServlet.service(JspServlet.java:307)
		at jakarta.servlet.http.HttpServlet.service(HttpServlet.java:716)
		at org.apache.catalina.core.ApplicationFilterChain.doFilter(ApplicationFilterChain.java:130)
		at org.apache.catalina.core.ApplicationDispatcher.invoke(ApplicationDispatcher.java:539)
		at org.apache.catalina.core.ApplicationDispatcher.include(ApplicationDispatcher.java:436)
		at org.apache.jasper.runtime.JspRuntimeLibrary.include(JspRuntimeLibrary.java:994)
		at org.apache.jsp.error_jsp._jspService(error_jsp.java:125)
		at org.apache.jasper.runtime.HttpJspBase.service(HttpJspBase.java:67)
		at jakarta.servlet.http.HttpServlet.service(HttpServlet.java:716)
		at org.apache.jasper.servlet.JspServletWrapper.service(JspServletWrapper.java:456)
		... 24 more
	Caused by: java.lang.NoClassDefFoundError: javax/servlet/jsp/tagext/TagLibraryValidator
		at java.base/java.lang.ClassLoader.defineClass1(Native Method)
		at java.base/java.lang.ClassLoader.defineClass(ClassLoader.java:962)
		at java.base/java.security.SecureClassLoader.defineClass(SecureClassLoader.java:132)
		at org.apache.catalina.loader.WebappClassLoaderBase.findClassInternal(WebappClassLoaderBase.java:2165)
		at org.apache.catalina.loader.WebappClassLoaderBase.findClass(WebappClassLoaderBase.java:695)
		at org.apache.catalina.loader.WebappClassLoaderBase.loadClass(WebappClassLoaderBase.java:1187)
		at org.apache.catalina.loader.WebappClassLoaderBase.loadClass(WebappClassLoaderBase.java:1057)
		at java.base/java.lang.ClassLoader.defineClass1(Native Method)
		at java.base/java.lang.ClassLoader.defineClass(ClassLoader.java:962)
		at java.base/java.security.SecureClassLoader.defineClass(SecureClassLoader.java:132)
		at org.apache.catalina.loader.WebappClassLoaderBase.findClassInternal(WebappClassLoaderBase.java:2165)
		at org.apache.catalina.loader.WebappClassLoaderBase.findClass(WebappClassLoaderBase.java:695)
		at org.apache.catalina.loader.WebappClassLoaderBase.loadClass(WebappClassLoaderBase.java:1187)
		at org.apache.catalina.loader.WebappClassLoaderBase.loadClass(WebappClassLoaderBase.java:1057)
		at org.apache.jasper.compiler.TagLibraryInfoImpl.createValidator(TagLibraryInfoImpl.java:352)
		at org.apache.jasper.compiler.TagLibraryInfoImpl.<init>(TagLibraryInfoImpl.java:192)
		at org.apache.jasper.compiler.Parser.parseTaglibDirective(Parser.java:412)
		at org.apache.jasper.compiler.Parser.parseDirective(Parser.java:465)
		at org.apache.jasper.compiler.Parser.parseElements(Parser.java:1294)
		at org.apache.jasper.compiler.Parser.parse(Parser.java:130)
		at org.apache.jasper.compiler.ParserController.doParse(ParserController.java:243)
		at org.apache.jasper.compiler.ParserController.parse(ParserController.java:106)
		at org.apache.jasper.compiler.Compiler.generateJava(Compiler.java:194)
		at org.apache.jasper.compiler.Compiler.compile(Compiler.java:367)
		at org.apache.jasper.compiler.Compiler.compile(Compiler.java:345)
		at org.apache.jasper.compiler.Compiler.compile(Compiler.java:331)
		at org.apache.jasper.JspCompilationContext.compile(JspCompilationContext.java:602)
		at org.apache.jasper.servlet.JspServletWrapper.service(JspServletWrapper.java:396)
		at org.apache.jasper.servlet.JspServlet.serviceJspFile(JspServlet.java:354)
		at org.apache.jasper.servlet.JspServlet.service(JspServlet.java:302)
		... 33 more
	Caused by: java.lang.ClassNotFoundException: javax.servlet.jsp.tagext.TagLibraryValidator
		at org.apache.catalina.loader.WebappClassLoaderBase.loadClass(WebappClassLoaderBase.java:1226)
		at org.apache.catalina.loader.WebappClassLoaderBase.loadClass(WebappClassLoaderBase.java:1057)
		... 63 more
